Component: Arm Compiler for Embedded 6.22 Tool: armlink [5ee90200]

==============================================================================

Section Cross References

    scarygame.o(.text.drawGunAngle) refers to scarygame.o(.rodata.str1.1) for .L.str
    scarygame.o(.text.drawGunAngle) refers to st7735withsd.o(.text.ST7735_DrawString) for ST7735_DrawString
    scarygame.o(.text.drawGunAngle) refers to st7735withsd.o(.text.ST7735_SetCursor) for ST7735_SetCursor
    scarygame.o(.text.drawGunAngle) refers to st7735withsd.o(.text.ST7735_SetTextColor) for ST7735_SetTextColor
    scarygame.o(.text.drawGunAngle) refers to digitalcompass.o(.text.checkAndTrigger) for checkAndTrigger
    scarygame.o(.text.drawGunAngle) refers to st7735withsd.o(.text.ST7735_OutUDec) for ST7735_OutUDec
    scarygame.o(.ARM.exidx.text.drawGunAngle) refers to scarygame.o(.text.drawGunAngle) for [Anonymous Symbol]
    scarygame.o(.text.debugHandler) refers to scarygame.o(.bss.drawGunAngleFlag) for drawGunAngleFlag
    scarygame.o(.ARM.exidx.text.debugHandler) refers to scarygame.o(.text.debugHandler) for [Anonymous Symbol]
    scarygame.o(.text.drawUpdatedScore) refers to scarygame.o(.rodata.str1.1) for .L.str.1
    scarygame.o(.text.drawUpdatedScore) refers to st7735withsd.o(.text.ST7735_DrawString) for ST7735_DrawString
    scarygame.o(.text.drawUpdatedScore) refers to st7735withsd.o(.text.ST7735_SetCursor) for ST7735_SetCursor
    scarygame.o(.text.drawUpdatedScore) refers to st7735withsd.o(.text.ST7735_SetTextColor) for ST7735_SetTextColor
    scarygame.o(.text.drawUpdatedScore) refers to scarygame.o(.bss.score) for score
    scarygame.o(.text.drawUpdatedScore) refers to st7735withsd.o(.text.ST7735_OutUDec) for ST7735_OutUDec
    scarygame.o(.ARM.exidx.text.drawUpdatedScore) refers to scarygame.o(.text.drawUpdatedScore) for [Anonymous Symbol]
    scarygame.o(.text.drawHighScore) refers to scarygame.o(.rodata.str1.1) for .L.str.2
    scarygame.o(.text.drawHighScore) refers to st7735withsd.o(.text.ST7735_DrawString) for ST7735_DrawString
    scarygame.o(.text.drawHighScore) refers to st7735withsd.o(.text.ST7735_SetCursor) for ST7735_SetCursor
    scarygame.o(.text.drawHighScore) refers to st7735withsd.o(.text.ST7735_SetTextColor) for ST7735_SetTextColor
    scarygame.o(.text.drawHighScore) refers to scarygame.o(.bss.highScore) for highScore
    scarygame.o(.text.drawHighScore) refers to st7735withsd.o(.text.ST7735_OutUDec) for ST7735_OutUDec
    scarygame.o(.ARM.exidx.text.drawHighScore) refers to scarygame.o(.text.drawHighScore) for [Anonymous Symbol]
    scarygame.o(.text.startGame) refers to scarygame.o(.bss.gameStarted) for gameStarted
    scarygame.o(.text.startGame) refers to scarygame.o(.bss.enableTriggerButton) for enableTriggerButton
    scarygame.o(.text.startGame) refers to scarygame.o(.data.startingMonsterVolume) for startingMonsterVolume
    scarygame.o(.text.startGame) refers to audio.o(.text.setVolume) for setVolume
    scarygame.o(.text.startGame) refers to audio.o(.text.startPlaying) for startPlaying
    scarygame.o(.text.startGame) refers to st7735withsd.o(.text.ST7735_FillScreen) for ST7735_FillScreen
    scarygame.o(.text.startGame) refers to scarygame.o(.rodata.str1.1) for .L.str.3
    scarygame.o(.text.startGame) refers to st7735withsd.o(.text.ST7735_DrawString) for ST7735_DrawString
    scarygame.o(.text.startGame) refers to scarygame.o(.text.drawHighScore) for drawHighScore
    scarygame.o(.ARM.exidx.text.startGame) refers to scarygame.o(.text.startGame) for [Anonymous Symbol]
    scarygame.o(.text.onMonsterLoop) refers to audio.o(.text.stopPlaying) for stopPlaying
    scarygame.o(.text.onMonsterLoop) refers to scarygame.o(.bss.shotInCorrectDirection) for shotInCorrectDirection
    scarygame.o(.text.onMonsterLoop) refers to scarygame.o(.bss.enableTriggerButton) for enableTriggerButton
    scarygame.o(.text.onMonsterLoop) refers to audio.o(.text.setVolume) for setVolume
    scarygame.o(.text.onMonsterLoop) refers to audioreader.o(.text.readFromDeathSound) for readFromDeathSound
    scarygame.o(.text.onMonsterLoop) refers to audio.o(.text.startPlaying) for startPlaying
    scarygame.o(.ARM.exidx.text.onMonsterLoop) refers to scarygame.o(.text.onMonsterLoop) for [Anonymous Symbol]
    scarygame.o(.text.shootInDirection) refers to audioreader.o(.text.getCurrentSoundDirection) for getCurrentSoundDirection
    scarygame.o(.text.shootInDirection) refers to scarygame.o(.bss.shotInCorrectDirection) for shotInCorrectDirection
    scarygame.o(.text.shootInDirection) refers to scarygame.o(.bss.enableTriggerButton) for enableTriggerButton
    scarygame.o(.text.shootInDirection) refers to audio.o(.text.stopPlaying) for stopPlaying
    scarygame.o(.text.shootInDirection) refers to audio.o(.text.setVolume) for setVolume
    scarygame.o(.text.shootInDirection) refers to audioreader.o(.text.readFromGunshot) for readFromGunshot
    scarygame.o(.text.shootInDirection) refers to audio.o(.text.startPlaying) for startPlaying
[...]
    [Anonymous Symbol]                       0x000051e4   Section        0  audioreader.o(.text.readFromGunshot)
    [Anonymous Symbol]                       0x00005220   Section        0  audioreader.o(.text.readFromMonster)
    [Anonymous Symbol]                       0x0000530c   Section        0  audioreader.o(.text.readFromWinLoseSounds)
    [Anonymous Symbol]                       0x00005358   Section        0  audioreader.o(.text.readIntoAudioFifo)
    [Anonymous Symbol]                       0x00005390   Section        0  audioreader.o(.text.readNum)
    [Anonymous Symbol]                       0x0000541c   Section        0  audioreader.o(.text.readPair)
    [Anonymous Symbol]                       0x0000545c   Section        0  audio.o(.text.rebalanceAudio)
    [Anonymous Symbol]                       0x000054bc   Section        0  audioreader.o(.text.refillReadBuf)
    [Anonymous Symbol]                       0x000055a4   Section        0  digitalcompass.o(.text.remapValues)
    remove_chain                             0x000055f9   Thumb Code   176  ff.o(.text.remove_chain)
    [Anonymous Symbol]                       0x000055f8   Section        0  ff.o(.text.remove_chain)
    [Anonymous Symbol]                       0x000056a8   Section        0  scarygame.o(.text.resetGame)
    select                                   0x00005739   Thumb Code    68  diskio.o(.text.select)
    [Anonymous Symbol]                       0x00005738   Section        0  diskio.o(.text.select)
    send_cmd                                 0x0000577d   Thumb Code   260  diskio.o(.text.send_cmd)
    [Anonymous Symbol]                       0x0000577c   Section        0  diskio.o(.text.send_cmd)
    setAddrWindow                            0x00005881   Thumb Code   148  st7735withsd.o(.text.setAddrWindow)
    [Anonymous Symbol]                       0x00005880   Section        0  st7735withsd.o(.text.setAddrWindow)
    [Anonymous Symbol]                       0x00005914   Section        0  random.o(.text.setSeed)
    [Anonymous Symbol]                       0x00005928   Section        0  audio.o(.text.setVolume)
    [Anonymous Symbol]                       0x00005974   Section        0  scarygame.o(.text.shootInDirection)
    st_clust                                 0x000059c5   Thumb Code    40  ff.o(.text.st_clust)
    [Anonymous Symbol]                       0x000059c4   Section        0  ff.o(.text.st_clust)
    [Anonymous Symbol]                       0x000059ec   Section        0  scarygame.o(.text.startGame)
    [Anonymous Symbol]                       0x00005a54   Section        0  audio.o(.text.startPlaying)
    [Anonymous Symbol]                       0x00005a70   Section        0  audio.o(.text.stopPlaying)
    [Anonymous Symbol]                       0x00005a84   Section        0  switch.o(.text.switchInit)
    [Anonymous Symbol]                       0x00005b0c   Section        0  switch.o(.text.switchPressed)
    sync_fs                                  0x00005ba1   Thumb Code   268  ff.o(.text.sync_fs)
    [Anonymous Symbol]                       0x00005ba0   Section        0  ff.o(.text.sync_fs)
    sync_window                              0x00005cad   Thumb Code   138  ff.o(.text.sync_window)
    [Anonymous Symbol]                       0x00005cac   Section        0  ff.o(.text.sync_window)
    validate                                 0x00005d39   Thumb Code    96  ff.o(.text.validate)
    [Anonymous Symbol]                       0x00005d38   Section        0  ff.o(.text.validate)
    wait_ready                               0x00005d99   Thumb Code    92  diskio.o(.text.wait_ready)
    [Anonymous Symbol]                       0x00005d98   Section        0  diskio.o(.text.wait_ready)
    writecommand                             0x00005df5   Thumb Code   126  st7735withsd.o(.text.writecommand)
    [Anonymous Symbol]                       0x00005df4   Section        0  st7735withsd.o(.text.writecommand)
    writedata                                0x00005e75   Thumb Code   128  st7735withsd.o(.text.writedata)
    [Anonymous Symbol]                       0x00005e74   Section        0  st7735withsd.o(.text.writedata)
    xchg_spi                                 0x00005ef5   Thumb Code    86  diskio.o(.text.xchg_spi)
    [Anonymous Symbol]                       0x00005ef4   Section        0  diskio.o(.text.xchg_spi)
    xmit_datablock                           0x00005f4d   Thumb Code   114  diskio.o(.text.xmit_datablock)
    [Anonymous Symbol]                       0x00005f4c   Section        0  diskio.o(.text.xmit_datablock)
    xmit_spi_multi                           0x00005fc1   Thumb Code    82  diskio.o(.text.xmit_spi_multi)
    [Anonymous Symbol]                       0x00005fc0   Section        0  diskio.o(.text.xmit_spi_multi)
    $v0                                      0x00006012   Number         0  fpinit.o(x$fpl$fpinit)
    x$fpl$fpinit                             0x00006012   Section       26  fpinit.o(x$fpl$fpinit)
    Font                                     0x0000602c   Data        1275  st7735withsd.o(.rodata.Font)
    [Anonymous Symbol]                       0x0000602c   Section        0  st7735withsd.o(.rodata.Font)
    Rcmd1                                    0x00006527   Data          59  st7735withsd.o(.rodata.Rcmd1)
    [Anonymous Symbol]                       0x00006527   Section        0  st7735withsd.o(.rodata.Rcmd1)
    Rcmd2green                               0x00006562   Data          13  st7735withsd.o(.rodata.Rcmd2green)
    [Anonymous Symbol]                       0x00006562   Section        0  st7735withsd.o(.rodata.Rcmd2green)
    Rcmd2red                                 0x0000656f   Data          13  st7735withsd.o(.rodata.Rcmd2red)
    [Anonymous Symbol]                       0x0000656f   Section        0  st7735withsd.o(.rodata.Rcmd2red)
    Rcmd3                                    0x0000657c   Data          43  st7735withsd.o(.rodata.Rcmd3)
    [Anonymous Symbol]                       0x0000657c   Section        0  st7735withsd.o(.rodata.Rcmd3)
    .L.str                                   0x000065a7   Data          13  scarygame.o(.rodata.str1.1)
    .L.str.8                                 0x000065a7   Data          21  scarygame.o(.rodata.str1.1)
    [Anonymous Symbol]                       0x000065a7   Section        0  scarygame.o(.rodata.str1.1)
    .L.str.10                                0x000065bc   Data          21  scarygame.o(.rodata.str1.1)
    .L.str.12                                0x000065d1   Data          13  scarygame.o(.rodata.str1.1)
    .L.str.11                                0x000065de   Data          36  scarygame.o(.rodata.str1.1)
    .L.str.9                                 0x0000662a   Data          17  scarygame.o(.rodata.str1.1)
    .L.str.1                                 0x00006638   Data           3  scarygame.o(.rodata.str1.1)
    .L.str.6                                 0x00006638   Data           3  scarygame.o(.rodata.str1.1)
    .L.str.2                                 0x00006648   Data          13  scarygame.o(.rodata.str1.1)
    .L.str.1                                 0x0000664d   Data           8  scarygame.o(.rodata.str1.1)
    .L.str.4                                 0x00006655   Data          18  scarygame.o(.rodata.str1.1)
    .L.str.5                                 0x00006667   Data          18  scarygame.o(.rodata.str1.1)
    .L.str.6                                 0x00006679   Data          20  scarygame.o(.rodata.str1.1)
    .L.str.13                                0x00006686   Data          20  scarygame.o(.rodata.str1.1)
    .L.str.7                                 0x0000668d   Data           9  scarygame.o(.rodata.str1.1)
    .L.str.3                                 0x00006696   Data          16  scarygame.o(.rodata.str1.1)
    .L.str.14                                0x0000669a   Data          20  scarygame.o(.rodata.str1.1)
    .L.str                                   0x000066a6   Data          16  ff.o(.rodata.str1.1)
    [Anonymous Symbol]                       0x000066a6   Section        0  ff.o(.rodata.str1.1)
    .L.str.15                                0x000066ae   Data           3  scarygame.o(.rodata.str1.1)
    .L.str.1                                 0x000066b6   Data          12  ff.o(.rodata.str1.1)
    .L.str.2                                 0x000066c2   Data          20  ff.o(.rodata.str1.1)
    .L.str.3                                 0x000066d6   Data          20  ff.o(.rodata.str1.1)
    .L.str.4                                 0x000066da   Data          15  ff.o(.rodata.str1.1)
    .L.str.7                                 0x000066f8   Data           1  ff.o(.rodata.str1.1)
    .L.str.5                                 0x000066f9   Data          14  audioreader.o(.rodata.str1.1)
    [Anonymous Symbol]                       0x000066f9   Section        0  audioreader.o(.rodata.str1.1)
    .L.str.11                                0x00006707   Data          11  audioreader.o(.rodata.str1.1)
    .L.str.8                                 0x00006712   Data          11  audioreader.o(.rodata.str1.1)
    .L.str.1                                 0x0000672f   Data          10  audioreader.o(.rodata.str1.1)
    .L.str.10                                0x00006741   Data          11  audioreader.o(.rodata.str1.1)
    .L.str.9                                 0x00006754   Data           8  audioreader.o(.rodata.str1.1)
    [Anonymous Symbol]                       0x0000675c   Section        0  digitalcompass.o(.rodata.str1.1)
    .L.str.2                                 0x00006781   Data           9  digitalcompass.o(.rodata.str1.1)
    .L.str                                   0x00006782   Data          34  digitalcompass.o(.rodata.str1.1)
    .L.str.3                                 0x0000678a   Data          10  digitalcompass.o(.rodata.str1.1)
    .L.str.4                                 0x00006794   Data           9  digitalcompass.o(.rodata.str1.1)
    .L.str.5                                 0x0000679d   Data          10  digitalcompass.o(.rodata.str1.1)
    Stat                                     0x20000002   Data           1  diskio.o(.data.Stat)
    [Anonymous Symbol]                       0x20000002   Section        0  diskio.o(.data.Stat)
    _height                                  0x20000004   Data           2  st7735withsd.o(.data._height)
    [Anonymous Symbol]                       0x20000004   Section        0  st7735withsd.o(.data._height)
    _width                                   0x20000006   Data           2  st7735withsd.o(.data._width)
    [Anonymous Symbol]                       0x20000006   Section        0  st7735withsd.o(.data._width)
    .bss                                     0x200001d8   Section       96  libspace.o(.bss)
    CardType                                 0x20000238   Data           1  diskio.o(.bss.CardType)
    [Anonymous Symbol]                       0x20000238   Section        0  diskio.o(.bss.CardType)
    ColStart                                 0x20000239   Data           1  st7735withsd.o(.bss.ColStart)
    [Anonymous Symbol]                       0x20000239   Section        0  st7735withsd.o(.bss.ColStart)
    FatFs                                    0x2000023c   Data           4  ff.o(.bss.FatFs)
    [Anonymous Symbol]                       0x2000023c   Section        0  ff.o(.bss.FatFs)
    Fsid                                     0x20000242   Data           2  ff.o(.bss.Fsid)
    [Anonymous Symbol]                       0x20000242   Section        0  ff.o(.bss.Fsid)
    RowStart                                 0x20000268   Data           1  st7735withsd.o(.bss.RowStart)
    [Anonymous Symbol]                       0x20000268   Section        0  st7735withsd.o(.bss.RowStart)
    TabColor                                 0x20000274   Data           1  st7735withsd.o(.bss.TabColor)
    [Anonymous Symbol]                       0x20000274   Section        0  st7735withsd.o(.bss.TabColor)
    Timer1                                   0x20000278   Data           4  diskio.o(.bss.Timer1)
    [Anonymous Symbol]                       0x20000278   Section        0  diskio.o(.bss.Timer1)
    Timer2                                   0x2000027c   Data           4  diskio.o(.bss.Timer2)
    [Anonymous Symbol]                       0x2000027c   Section        0  diskio.o(.bss.Timer2)
    calAngle                                 0x20004cc4   Data           2  digitalcompass.o(.bss.calAngle)
    [Anonymous Symbol]                       0x20004cc4   Section        0  digitalcompass.o(.bss.calAngle)
    g_sFatFs                                 0x20004ccc   Data         564  audioreader.o(.bss.g_sFatFs)
    [Anonymous Symbol]                       0x20004ccc   Section        0  audioreader.o(.bss.g_sFatFs)
    ready                                    0x20004f18   Data           1  digitalcompass.o(.bss.ready)
    [Anonymous Symbol]                       0x20004f18   Section        0  digitalcompass.o(.bss.ready)
    HeapMem                                  0x20004f30   Data           0  startup.o(HEAP)
    StackMem                                 0x20004f30   Data           0  startup.o(STACK)
    HEAP                                     0x20004f30   Section        0  startup.o(HEAP)
    STACK                                    0x20004f30   Section     1024  startup.o(STACK)

    Global Symbols

    Symbol Name                              Value     Ov Type        Size  Object(Section)

    BuildAttributes$$THM_ISAv4$E$P$D$K$B$S$7EM$VFPi3$EXTD16$VFPS$VFMA$PE$A:L22UL41UL21$X:L11$S22US41US21$IEEE1$IW$~IW$USESV6$~STKCKD$USESV7$~SHL$OSPACE$ROPI$EBA8$UX$STANDARDLIB$REQ8$PRES8$EABIv2 0x00000000   Number         0  anon$$obj.o ABSOLUTE
    __Vectors                                0x00000000   Data           0  startup.o(RESET)
    __ARM_exceptions_init                     - Undefined Weak Reference
    __alloca_initialize                       - Undefined Weak Reference
    __arm_preinit_                            - Undefined Weak Reference
    __arm_relocate_pie_                       - Undefined Weak Reference
    __cpp_initialize__aeabi_                  - Undefined Weak Reference
    __cxa_finalize                            - Undefined Weak Reference
    __rt_locale                               - Undefined Weak Reference
    __sigvec_lookup                           - Undefined Weak Reference
    _atexit_init                              - Undefined Weak Reference
    _call_atexit_fns                          - Undefined Weak Reference
    _clock_init                               - Undefined Weak Reference
    _fp_trap_init                             - Undefined Weak Reference
    _fp_trap_shutdown                         - Undefined Weak Reference
    _get_lc_collate                           - Undefined Weak Reference
    _get_lc_ctype                             - Undefined Weak Reference
    _get_lc_monetary                          - Undefined Weak Reference
    _get_lc_numeric                           - Undefined Weak Reference
    _get_lc_time                              - Undefined Weak Reference
    _getenv_init                              - Undefined Weak Reference
    _handle_redirection                       - Undefined Weak Reference
    _init_alloc                               - Undefined Weak Reference
    _init_user_alloc                          - Undefined Weak Reference
    _initio                                   - Undefined Weak Reference
    _rand_init                                - Undefined Weak Reference
    _signal_finish                            - Undefined Weak Reference
    _signal_init                              - Undefined Weak Reference
    _terminate_alloc                          - Undefined Weak Reference
    _terminate_user_alloc                     - Undefined Weak Reference
    _terminateio                              - Undefined Weak Reference
    Reset_Handler                            0x0000026d   Thumb Code     0  startup.o(RESET)
    MemManage_Handler                        0x00000283   Thumb Code     2  startup.o(RESET)
    BusFault_Handler                         0x00000285   Thumb Code     2  startup.o(RESET)
    UsageFault_Handler                       0x00000287   Thumb Code     2  startup.o(RESET)
    SVC_Handler                              0x00000289   Thumb Code     2  startup.o(RESET)
    DebugMon_Handler                         0x0000028b   Thumb Code     2  startup.o(RESET)
    PendSV_Handler                           0x0000028d   Thumb Code     2  startup.o(RESET)
    SysTick_Handler                          0x0000028f   Thumb Code     2  startup.o(RESET)
    ADC0Seq0_Handler                         0x00000291   Thumb Code     0  startup.o(RESET)
    ADC0Seq1_Handler                         0x00000291   Thumb Code     0  startup.o(RESET)
    ADC0Seq2_Handler                         0x00000291   Thumb Code     0  startup.o(RESET)
    ADC0Seq3_Handler                         0x00000291   Thumb Code     0  startup.o(RESET)
    ADC1Seq0_Handler                         0x00000291   Thumb Code     0  startup.o(RESET)
    ADC1Seq1_Handler                         0x00000291   Thumb Code     0  startup.o(RESET)
    ADC1Seq2_Handler                         0x00000291   Thumb Code     0  startup.o(RESET)
    ADC1Seq3_Handler                         0x00000291   Thumb Code     0  startup.o(RESET)
    CAN0_Handler                             0x00000291   Thumb Code     0  startup.o(RESET)
    CAN1_Handler                             0x00000291   Thumb Code     0  startup.o(RESET)
    CAN2_Handler                             0x00000291   Thumb Code     0  startup.o(RESET)
    Comp0_Handler                            0x00000291   Thumb Code     0  startup.o(RESET)
    Comp1_Handler                            0x00000291   Thumb Code     0  startup.o(RESET)
    Comp2_Handler                            0x00000291   Thumb Code     0  startup.o(RESET)
    Ethernet_Handler                         0x00000291   Thumb Code     0  startup.o(RESET)
    ExtBus_Handler                           0x00000291   Thumb Code     0  startup.o(RESET)
    FPU_Handler                              0x00000291   Thumb Code     0  startup.o(RESET)
    Fan0_Handler                             0x00000291   Thumb Code     0  startup.o(RESET)
    FlashCtl_Handler                         0x00000291   Thumb Code     0  startup.o(RESET)
    GPIOPortA_Handler                        0x00000291   Thumb Code     0  startup.o(RESET)
    GPIOPortB_Handler                        0x00000291   Thumb Code     0  startup.o(RESET)
    GPIOPortC_Handler                        0x00000291   Thumb Code     0  startup.o(RESET)
    GPIOPortD_Handler                        0x00000291   Thumb Code     0  startup.o(RESET)
    GPIOPortE_Handler                        0x00000291   Thumb Code     0  startup.o(RESET)
    GPIOPortF_Handler                        0x00000291   Thumb Code     0  startup.o(RESET)
    GPIOPortG_Handler                        0x00000291   Thumb Code     0  startup.o(RESET)
    GPIOPortH_Handler                        0x00000291   Thumb Code     0  startup.o(RESET)
    GPIOPortJ_Handler                        0x00000291   Thumb Code     0  startup.o(RESET)
    GPIOPortK_Handler                        0x00000291   Thumb Code     0  startup.o(RESET)
    GPIOPortL_Handler                        0x00000291   Thumb Code     0  startup.o(RESET)
    GPIOPortM_Handler                        0x00000291   Thumb Code     0  startup.o(RESET)
    GPIOPortN_Handler                        0x00000291   Thumb Code     0  startup.o(RESET)
    GPIOPortP1_Handler                       0x00000291   Thumb Code     0  startup.o(RESET)
    GPIOPortP2_Handler                       0x00000291   Thumb Code     0  startup.o(RESET)
    GPIOPortP3_Handler                       0x00000291   Thumb Code     0  startup.o(RESET)
    GPIOPortP4_Handler                       0x00000291   Thumb Code     0  startup.o(RESET)
    GPIOPortP5_Handler                       0x00000291   Thumb Code     0  startup.o(RESET)
    GPIOPortP6_Handler                       0x00000291   Thumb Code     0  startup.o(RESET)
    GPIOPortP7_Handler                       0x00000291   Thumb Code     0  startup.o(RESET)
    GPIOPortP_Handler                        0x00000291   Thumb Code     0  startup.o(RESET)
    GPIOPortQ1_Handler                       0x00000291   Thumb Code     0  startup.o(RESET)
    GPIOPortQ2_Handler                       0x00000291   Thumb Code     0  startup.o(RESET)
    GPIOPortQ3_Handler                       0x00000291   Thumb Code     0  startup.o(RESET)
    GPIOPortQ4_Handler                       0x00000291   Thumb Code     0  startup.o(RESET)
    GPIOPortQ5_Handler                       0x00000291   Thumb Code     0  startup.o(RESET)
    GPIOPortQ6_Handler                       0x00000291   Thumb Code     0  startup.o(RESET)
    GPIOPortQ7_Handler                       0x00000291   Thumb Code     0  startup.o(RESET)
    GPIOPortQ_Handler                        0x00000291   Thumb Code     0  startup.o(RESET)
    GPIOPortR_Handler                        0x00000291   Thumb Code     0  startup.o(RESET)
    GPIOPortS_Handler                        0x00000291   Thumb Code     0  startup.o(RESET)
    Hibernate_Handler                        0x00000291   Thumb Code     0  startup.o(RESET)
    I2C0_Handler                             0x00000291   Thumb Code     0  startup.o(RESET)
    I2C1_Handler                             0x00000291   Thumb Code     0  startup.o(RESET)
    I2C2_Handler                             0x00000291   Thumb Code     0  startup.o(RESET)
    I2C3_Handler                             0x00000291   Thumb Code     0  startup.o(RESET)
    I2C4_Handler                             0x00000291   Thumb Code     0  startup.o(RESET)
    I2C5_Handler                             0x00000291   Thumb Code     0  startup.o(RESET)
    I2S0_Handler                             0x00000291   Thumb Code     0  startup.o(RESET)
    LPC0_Handler                             0x00000291   Thumb Code     0  startup.o(RESET)
    PECI0_Handler                            0x00000291   Thumb Code     0  startup.o(RESET)
    PWM0Fault_Handler                        0x00000291   Thumb Code     0  startup.o(RESET)
    PWM0Generator0_Handler                   0x00000291   Thumb Code     0  startup.o(RESET)
    PWM0Generator1_Handler                   0x00000291   Thumb Code     0  startup.o(RESET)
    PWM0Generator2_Handler                   0x00000291   Thumb Code     0  startup.o(RESET)
    PWM0Generator3_Handler                   0x00000291   Thumb Code     0  startup.o(RESET)
    PWM1Fault_Handler                        0x00000291   Thumb Code     0  startup.o(RESET)
    PWM1Generator0_Handler                   0x00000291   Thumb Code     0  startup.o(RESET)
    PWM1Generator1_Handler                   0x00000291   Thumb Code     0  startup.o(RESET)
    PWM1Generator2_Handler                   0x00000291   Thumb Code     0  startup.o(RESET)
    PWM1Generator3_Handler                   0x00000291   Thumb Code     0  startup.o(RESET)
    Quadrature0_Handler                      0x00000291   Thumb Code     0  startup.o(RESET)
    Quadrature1_Handler                      0x00000291   Thumb Code     0  startup.o(RESET)
    Quadrature2_Handler                      0x00000291   Thumb Code     0  startup.o(RESET)
    SSI0_Handler                             0x00000291   Thumb Code     0  startup.o(RESET)
    SSI1_Handler                             0x00000291   Thumb Code     0  startup.o(RESET)
    SSI2_Handler                             0x00000291   Thumb Code     0  startup.o(RESET)
    SSI3_Handler                             0x00000291   Thumb Code     0  startup.o(RESET)
    SysCtl_Handler                           0x00000291   Thumb Code     0  startup.o(RESET)
    Timer0B_Handler                          0x00000291   Thumb Code     0  startup.o(RESET)
    Timer1B_Handler                          0x00000291   Thumb Code     0  startup.o(RESET)
    Timer2B_Handler                          0x00000291   Thumb Code     0  startup.o(RESET)
    Timer3B_Handler                          0x00000291   Thumb Code     0  startup.o(RESET)
    Timer4B_Handler                          0x00000291   Thumb Code     0  startup.o(RESET)
    Timer5B_Handler                          0x00000291   Thumb Code     0  startup.o(RESET)
    UART0_Handler                            0x00000291   Thumb Code     0  startup.o(RESET)
    UART1_Handler                            0x00000291   Thumb Code     0  startup.o(RESET)
    UART2_Handler                            0x00000291   Thumb Code     0  startup.o(RESET)
    UART3_Handler                            0x00000291   Thumb Code     0  startup.o(RESET)
    UART4_Handler                            0x00000291   Thumb Code     0  startup.o(RESET)
    UART5_Handler                            0x00000291   Thumb Code     0  startup.o(RESET)
    UART6_Handler                            0x00000291   Thumb Code     0  startup.o(RESET)
    UART7_Handler                            0x00000291   Thumb Code     0  startup.o(RESET)
    USB0_Handler                             0x00000291   Thumb Code     0  startup.o(RESET)
    WDT_Handler                              0x00000291   Thumb Code     0  startup.o(RESET)
    WideTimer0A_Handler                      0x00000291   Thumb Code     0  startup.o(RESET)
    WideTimer0B_Handler                      0x00000291   Thumb Code     0  startup.o(RESET)
    WideTimer1A_Handler                      0x00000291   Thumb Code     0  startup.o(RESET)
    WideTimer1B_Handler                      0x00000291   Thumb Code     0  startup.o(RESET)
    WideTimer2A_Handler                      0x00000291   Thumb Code     0  startup.o(RESET)
    WideTimer2B_Handler                      0x00000291   Thumb Code     0  startup.o(RESET)
    WideTimer3A_Handler                      0x00000291   Thumb Code     0  startup.o(RESET)
    WideTimer3B_Handler                      0x00000291   Thumb Code     0  startup.o(RESET)
    WideTimer4A_Handler                      0x00000291   Thumb Code     0  startup.o(RESET)
    WideTimer4B_Handler                      0x00000291   Thumb Code     0  startup.o(RESET)
    WideTimer5A_Handler                      0x00000291   Thumb Code     0  startup.o(RESET)
    WideTimer5B_Handler                      0x00000291   Thumb Code     0  startup.o(RESET)
    _ReportHardFault                         0x00000291   Thumb Code     0  startup.o(RESET)
    __aeabi_assert                           0x00000291   Thumb Code     0  startup.o(RESET)
    uDMA_Error                               0x00000291   Thumb Code     0  startup.o(RESET)
    uDMA_Handler                             0x00000291   Thumb Code     0  startup.o(RESET)
    __main                                   0x00000295   Thumb Code     8  __main.o(!!!main)
    __scatterload                            0x0000029d   Thumb Code     0  __scatter.o(!!!scatter)
    __scatterload_rt2                        0x0000029d   Thumb Code    84  __scatter.o(!!!scatter)
    __scatterload_rt2_thumb_only             0x0000029d   Thumb Code     0  __scatter.o(!!!scatter)
    __scatterload_loop                       0x000002a7   Thumb Code     0  __scatter.o(!!!scatter)
    __decompress                             0x000002f9   Thumb Code    58  __dczerorl.o(!!dczerorl)
    __decompress0                            0x000002f9   Thumb Code     0  __dczerorl.o(!!dczerorl)
    __scatterload_null                       0x00000335   Thumb Code     2  __scatter.o(!!handler_null)
    __scatterload_zeroinit                   0x00000339   Thumb Code    28  __scatter_zi.o(!!handler_zi)
    __rt_lib_init                            0x00000355   Thumb Code     0  libinit.o(.ARM.Collect$$libinit$$00000000)
    __rt_lib_init_fp_1                       0x00000357   Thumb Code     0  libinit2.o(.ARM.Collect$$libinit$$00000001)
    __rt_lib_init_alloca_1                   0x0000035b   Thumb Code     0  libinit2.o(.ARM.Collect$$libinit$$00000030)
    __rt_lib_init_argv_1                     0x0000035b   Thumb Code     0  libinit2.o(.ARM.Collect$$libinit$$0000002E)
    __rt_lib_init_atexit_1                   0x0000035b   Thumb Code     0  libinit2.o(.ARM.Collect$$libinit$$0000001D)
    __rt_lib_init_clock_1                    0x0000035b   Thumb Code     0  libinit2.o(.ARM.Collect$$libinit$$00000023)
    __rt_lib_init_cpp_1                      0x0000035b   Thumb Code     0  libinit2.o(.ARM.Collect$$libinit$$00000034)
    __rt_lib_init_exceptions_1               0x0000035b   Thumb Code     0  libinit2.o(.ARM.Collect$$libinit$$00000032)
    __rt_lib_init_fp_trap_1                  0x0000035b   Thumb Code     0  libinit2.o(.ARM.Collect$$libinit$$00000021)
    __rt_lib_init_getenv_1                   0x0000035b   Thumb Code     0  libinit2.o(.ARM.Collect$$libinit$$00000025)
    __rt_lib_init_heap_1                     0x0000035b   Thumb Code     0  libinit2.o(.ARM.Collect$$libinit$$0000000C)
    __rt_lib_init_lc_collate_1               0x0000035b   Thumb Code     0  libinit2.o(.ARM.Collect$$libinit$$00000013)
    __rt_lib_init_lc_ctype_1                 0x0000035b   Thumb Code     0  libinit2.o(.ARM.Collect$$libinit$$00000015)
    __rt_lib_init_lc_monetary_1              0x0000035b   Thumb Code     0  libinit2.o(.ARM.Collect$$libinit$$00000017)
    __rt_lib_init_lc_numeric_1               0x0000035b   Thumb Code     0  libinit2.o(.ARM.Collect$$libinit$$00000019)
    __rt_lib_init_lc_time_1                  0x0000035b   Thumb Code     0  libinit2.o(.ARM.Collect$$libinit$$0000001B)
    __rt_lib_init_preinit_1                  0x0000035b   Thumb Code     0  libinit2.o(.ARM.Collect$$libinit$$00000006)
    __rt_lib_init_rand_1                     0x0000035b   Thumb Code     0  libinit2.o(.ARM.Collect$$libinit$$00000010)
    __rt_lib_init_relocate_pie_1             0x0000035b   Thumb Code     0  libinit2.o(.ARM.Collect$$libinit$$00000004)
    __rt_lib_init_return                     0x0000035b   Thumb Code     0  libinit2.o(.ARM.Collect$$libinit$$00000035)
    __rt_lib_init_signal_1                   0x0000035b   Thumb Code     0  libinit2.o(.ARM.Collect$$libinit$$0000001F)
    __rt_lib_init_stdio_1                    0x0000035b   Thumb Code     0  libinit2.o(.ARM.Collect$$libinit$$00000027)
    __rt_lib_init_user_alloc_1               0x0000035b   Thumb Code     0  libinit2.o(.ARM.Collect$$libinit$$0000000E)
    __rt_lib_shutdown                        0x0000035d   Thumb Code     0  libshutdown.o(.ARM.Collect$$libshutdown$$00000000)
    __rt_lib_shutdown_cpp_1                  0x0000035f   Thumb Code     0  libshutdown2.o(.ARM.Collect$$libshutdown$$00000002)
    __rt_lib_shutdown_fp_trap_1              0x0000035f   Thumb Code     0  libshutdown2.o(.ARM.Collect$$libshutdown$$00000007)
    __rt_lib_shutdown_heap_1                 0x0000035f   Thumb Code     0  libshutdown2.o(.ARM.Collect$$libshutdown$$0000000F)
    __rt_lib_shutdown_return                 0x0000035f   Thumb Code     0  libshutdown2.o(.ARM.Collect$$libshutdown$$00000010)
    __rt_lib_shutdown_signal_1               0x0000035f   Thumb Code     0  libshutdown2.o(.ARM.Collect$$libshutdown$$0000000A)
    __rt_lib_shutdown_stdio_1                0x0000035f   Thumb Code     0  libshutdown2.o(.ARM.Collect$$libshutdown$$00000004)
    __rt_lib_shutdown_user_alloc_1           0x0000035f   Thumb Code     0  libshutdown2.o(.ARM.Collect$$libshutdown$$0000000C)
    __rt_entry                               0x00000361   Thumb Code     0  __rtentry.o(.ARM.Collect$$rtentry$$00000000)
    __rt_entry_presh_1                       0x00000361   Thumb Code     0  __rtentry2.o(.ARM.Collect$$rtentry$$00000002)
    __rt_entry_sh                            0x00000361   Thumb Code     0  __rtentry4.o(.ARM.Collect$$rtentry$$00000004)
    __rt_entry_li                            0x00000367   Thumb Code     0  __rtentry2.o(.ARM.Collect$$rtentry$$0000000A)
    __rt_entry_postsh_1                      0x00000367   Thumb Code     0  __rtentry2.o(.ARM.Collect$$rtentry$$00000009)
    __rt_entry_main                          0x0000036b   Thumb Code     0  __rtentry2.o(.ARM.Collect$$rtentry$$0000000D)
    __rt_entry_postli_1                      0x0000036b   Thumb Code     0  __rtentry2.o(.ARM.Collect$$rtentry$$0000000C)
    __rt_exit                                0x00000373   Thumb Code     0  rtexit.o(.ARM.Collect$$rtexit$$00000000)
    __rt_exit_ls                             0x00000375   Thumb Code     0  rtexit2.o(.ARM.Collect$$rtexit$$00000003)
    __rt_exit_prels_1                        0x00000375   Thumb Code     0  rtexit2.o(.ARM.Collect$$rtexit$$00000002)
    __rt_exit_exit                           0x00000379   Thumb Code     0  rtexit2.o(.ARM.Collect$$rtexit$$00000004)
    DisableInterrupts                        0x00000381   Thumb Code     0  startup.o(.text)
    EnableInterrupts                         0x00000385   Thumb Code     0  startup.o(.text)
    StartCritical                            0x00000389   Thumb Code     0  startup.o(.text)
    EndCritical                              0x00000391   Thumb Code     0  startup.o(.text)
    WaitForInterrupt                         0x00000397   Thumb Code     0  startup.o(.text)
    HardFault_Handler                        0x0000039b   Thumb Code     0  startup.o(.text)
    __user_initial_stackheap                 0x000003b3   Thumb Code     0  startup.o(.text)
    __use_two_region_memory                  0x000003c9   Thumb Code     2  heapauxi.o(.text)
    __rt_heap_escrow$2region                 0x000003cb   Thumb Code     2  heapauxi.o(.text)
    __rt_heap_expand$2region                 0x000003cd   Thumb Code     2  heapauxi.o(.text)
    __user_setup_stackheap                   0x000003cf   Thumb Code    74  sys_stackheap_outer.o(.text)
    exit                                     0x00000419   Thumb Code    18  exit.o(.text)
    __user_libspace                          0x0000042d   Thumb Code     8  libspace.o(.text)
    __user_perproc_libspace                  0x0000042d   Thumb Code     0  libspace.o(.text)
    __user_perthread_libspace                0x0000042d   Thumb Code     0  libspace.o(.text)
    _sys_exit                                0x00000435   Thumb Code     8  sys_exit.o(.text)
    __I$use$semihosting                      0x00000441   Thumb Code     0  use_no_semi.o(.text)
    __use_no_semihosting_swi                 0x00000441   Thumb Code     2  use_no_semi.o(.text)
    __semihosting_library_function           0x00000443   Thumb Code     0  indicate_semi.o(.text)
    CS_Init                                  0x00000445   Thumb Code   194  diskio.o(.text.CS_Init)
    Clock_Delay                              0x00000509   Thumb Code    24  digitalcompass.o(.text.Clock_Delay)
    Clock_Delay1ms                           0x00000521   Thumb Code    34  digitalcompass.o(.text.Clock_Delay1ms)
    DACInitLeft                              0x00000545   Thumb Code   246  tlv5616.o(.text.DACInitLeft)
    DACInitRight                             0x0000063d   Thumb Code   242  tlv5616.o(.text.DACInitRight)
    DAC_Init                                 0x00000731   Thumb Code    28  tlv5616.o(.text.DAC_Init)
    DAC_OutLeft                              0x0000074d   Thumb Code    80  tlv5616.o(.text.DAC_OutLeft)
    DAC_OutRight                             0x0000079d   Thumb Code    80  tlv5616.o(.text.DAC_OutRight)
    Delay1ms                                 0x000007ed   Thumb Code    46  st7735withsd.o(.text.Delay1ms)
    I2C_Init                                 0x0000081d   Thumb Code   158  i2c0.o(.text.I2C_Init)
    I2C_Recv                                 0x000008bd   Thumb Code   148  i2c0.o(.text.I2C_Recv)
    I2C_Recv2                                0x00000951   Thumb Code   204  i2c0.o(.text.I2C_Recv2)
    I2C_Send1                                0x00000a1d   Thumb Code   108  i2c0.o(.text.I2C_Send1)
    I2C_Send2                                0x00000a89   Thumb Code   194  i2c0.o(.text.I2C_Send2)
    LaunchPad_Init                           0x00000b4d   Thumb Code   116  launchpad.o(.text.LaunchPad_Init)
    PLL_Init                                 0x00000bc1   Thumb Code   138  pll.o(.text.PLL_Init)
    SDC_CS_Init                              0x00000c4d   Thumb Code   164  st7735withsd.o(.text.SDC_CS_Init)
    SSI0_Init                                0x00000cf1   Thumb Code   352  diskio.o(.text.SSI0_Init)
    ST7735_DrawCharS                         0x00000e51   Thumb Code   436  st7735withsd.o(.text.ST7735_DrawCharS)
    ST7735_DrawPixel                         0x00001005   Thumb Code   112  st7735withsd.o(.text.ST7735_DrawPixel)
    ST7735_DrawString                        0x00001075   Thumb Code   154  st7735withsd.o(.text.ST7735_DrawString)
    ST7735_FillRect                          0x00001111   Thumb Code   318  st7735withsd.o(.text.ST7735_FillRect)
    ST7735_FillScreen                        0x00001251   Thumb Code    52  st7735withsd.o(.text.ST7735_FillScreen)
    ST7735_InitR                             0x00001285   Thumb Code   166  st7735withsd.o(.text.ST7735_InitR)
    ST7735_OutUDec                           0x0000132d   Thumb Code   166  st7735withsd.o(.text.ST7735_OutUDec)
    ST7735_SetCursor                         0x000013d5   Thumb Code    54  st7735withsd.o(.text.ST7735_SetCursor)
    ST7735_SetTextColor                      0x0000140d   Thumb Code    24  st7735withsd.o(.text.ST7735_SetTextColor)
    Timer0A_Handler                          0x00001425   Thumb Code    26  timer0a.o(.text.Timer0A_Handler)
    Timer0A_Init                             0x00001441   Thumb Code   162  timer0a.o(.text.Timer0A_Init)
    Timer1A_Change_Period                    0x000014e5   Thumb Code    32  timer1a.o(.text.Timer1A_Change_Period)
    Timer1A_Handler                          0x00001505   Thumb Code    28  timer1a.o(.text.Timer1A_Handler)
    Timer1A_Init                             0x00001521   Thumb Code   160  timer1a.o(.text.Timer1A_Init)
    Timer1A_Start                            0x000015c1   Thumb Code    28  timer1a.o(.text.Timer1A_Start)
    Timer1A_Stop                             0x000015dd   Thumb Code    28  timer1a.o(.text.Timer1A_Stop)
    Timer2A_Handler                          0x000015f9   Thumb Code    28  timer2a.o(.text.Timer2A_Handler)
    Timer3A_Handler                          0x00001615   Thumb Code    28  timer3a.o(.text.Timer3A_Handler)
    Timer3A_Init                             0x00001631   Thumb Code   158  timer3a.o(.text.Timer3A_Init)
    Timer3A_Start                            0x000016d1   Thumb Code    26  timer3a.o(.text.Timer3A_Start)
    Timer4A_Handler                          0x000016ed   Thumb Code    28  timer4a.o(.text.Timer4A_Handler)
    Timer5A_Handler                          0x00001709   Thumb Code    20  diskio.o(.text.Timer5A_Handler)
    Timer5_Init                              0x0000171d   Thumb Code   160  diskio.o(.text.Timer5_Init)
    UART_Init                                0x000017bd   Thumb Code   160  uart.o(.text.UART_Init)
    UART_OutChar                             0x0000185d   Thumb Code    46  uart.o(.text.UART_OutChar)
    UART_OutString                           0x0000188d   Thumb Code    36  uart.o(.text.UART_OutString)
    UART_OutUDec                             0x000018b1   Thumb Code    72  uart.o(.text.UART_OutUDec)
    arAtEof                                  0x000018f9   Thumb Code    12  audioreader.o(.text.arAtEof)
    arFifoAdd                                0x00001905   Thumb Code   112  audioreader.o(.text.arFifoAdd)
    arFifoClear                              0x00001975   Thumb Code    44  audioreader.o(.text.arFifoClear)
    arFifoEmpty                              0x000019a1   Thumb Code    18  audioreader.o(.text.arFifoEmpty)
    arFifoFull                               0x000019b5   Thumb Code    20  audioreader.o(.text.arFifoFull)
    arFifoGetLock                            0x000019c9   Thumb Code    64  audioreader.o(.text.arFifoGetLock)
    arFifoInit                               0x00001a09   Thumb Code    20  audioreader.o(.text.arFifoInit)
    arFifoReleaseLock                        0x00001a1d   Thumb Code    32  audioreader.o(.text.arFifoReleaseLock)
    arFifoRemove                             0x00001a3d   Thumb Code   112  audioreader.o(.text.arFifoRemove)
    audioFileOutputHandler                   0x00001aad   Thumb Code   206  audio.o(.text.audioFileOutputHandler)
    audioInit                                0x00001b7d   Thumb Code    46  audio.o(.text.audioInit)
    audioReaderInit                          0x00001bad   Thumb Code   122  audioreader.o(.text.audioReaderInit)
    calcAngle                                0x00001c29   Thumb Code   578  digitalcompass.o(.text.calcAngle)
    checkAndCalibrateCompass                 0x00001e6d   Thumb Code    48  digitalcompass.o(.text.checkAndCalibrateCompass)
    checkAndTrigger                          0x00001e9d   Thumb Code    90  digitalcompass.o(.text.checkAndTrigger)
    clearReadBuf                             0x00001fe9   Thumb Code    68  audioreader.o(.text.clearReadBuf)
    closeCurrentFile                         0x0000202d   Thumb Code    20  audioreader.o(.text.closeCurrentFile)
    clust2sect                               0x00002041   Thumb Code    54  ff.o(.text.clust2sect)
    compassInit                              0x00002305   Thumb Code   222  digitalcompass.o(.text.compassInit)
    compassRead                              0x000023e5   Thumb Code    80  digitalcompass.o(.text.compassRead)
    debugHandler                             0x000028a5   Thumb Code    30  scarygame.o(.text.debugHandler)
    disk_initialize                          0x00002d59   Thumb Code   612  diskio.o(.text.disk_initialize)
    disk_ioctl                               0x00002fbd   Thumb Code   724  diskio.o(.text.disk_ioctl)
    disk_read                                0x00003291   Thumb Code   218  diskio.o(.text.disk_read)
    disk_status                              0x0000336d   Thumb Code    46  diskio.o(.text.disk_status)
    disk_timerproc                           0x0000339d   Thumb Code   142  diskio.o(.text.disk_timerproc)
    disk_write                               0x0000342d   Thumb Code   278  diskio.o(.text.disk_write)
    drawHighScore                            0x00003545   Thumb Code    64  scarygame.o(.text.drawHighScore)
    drawUpdatedScore                         0x00003585   Thumb Code    64  scarygame.o(.text.drawUpdatedScore)
    enableSDCard                             0x000035c5   Thumb Code    26  audioreader.o(.text.enableSDCard)
    f_close                                  0x000035e1   Thumb Code    60  ff.o(.text.f_close)
    f_lseek                                  0x0000361d   Thumb Code   646  ff.o(.text.f_lseek)
    f_mount                                  0x000038a5   Thumb Code   158  ff.o(.text.f_mount)
    f_open                                   0x00003945   Thumb Code   600  ff.o(.text.f_open)
    f_read                                   0x00003b9d   Thumb Code   642  ff.o(.text.f_read)
    f_sync                                   0x00003e21   Thumb Code   276  ff.o(.text.f_sync)
    fillmessage                              0x00003f35   Thumb Code   112  st7735withsd.o(.text.fillmessage)
    getAngle                                 0x00004549   Thumb Code   104  digitalcompass.o(.text.getAngle)
    getCurrentSoundDirection                 0x000045b1   Thumb Code    14  audioreader.o(.text.getCurrentSoundDirection)
    getDirection                             0x000045c1   Thumb Code   116  digitalcompass.o(.text.getDirection)
    getFileSamplingReloadVal                 0x00004635   Thumb Code    22  audioreader.o(.text.getFileSamplingReloadVal)
    getFromAudioFifo                         0x0000464d   Thumb Code    36  audioreader.o(.text.getFromAudioFifo)
    getNextChar                              0x00004671   Thumb Code    96  audioreader.o(.text.getNextChar)
    getRandomDirection                       0x000046d1   Thumb Code   114  random.o(.text.getRandomDirection)
    getScore                                 0x00004745   Thumb Code    12  scarygame.o(.text.getScore)
    get_fat                                  0x00004751   Thumb Code   304  ff.o(.text.get_fat)
    hash                                     0x0000492d   Thumb Code    20  random.o(.text.hash)
    ignorePressesFor1ms                      0x00004941   Thumb Code    20  switch.o(.text.ignorePressesFor1ms)
    ignorePressesHandler                     0x00004955   Thumb Code    14  switch.o(.text.ignorePressesHandler)
    isNum                                    0x00004999   Thumb Code    46  audioreader.o(.text.isNum)
    main                                     0x000049f9   Thumb Code   316  scarygame.o(.text.main)
    nextStage                                0x00004c45   Thumb Code   172  scarygame.o(.text.nextStage)
    onAudioLoop                              0x00004cf1   Thumb Code     8  audio.o(.text.onAudioLoop)
    onDeathSoundEnd                          0x00004cf9   Thumb Code    32  scarygame.o(.text.onDeathSoundEnd)
    onGunshotSoundEnd                        0x00004d19   Thumb Code    60  scarygame.o(.text.onGunshotSoundEnd)
    onMonsterLoop                            0x00004d55   Thumb Code    60  scarygame.o(.text.onMonsterLoop)
    onNoLoopEof                              0x00004d91   Thumb Code   122  audioreader.o(.text.onNoLoopEof)
    onWinLoseSoundEnd                        0x00004e0d   Thumb Code     8  scarygame.o(.text.onWinLoseSoundEnd)
    put_fat                                  0x00004e31   Thumb Code   456  ff.o(.text.put_fat)
    raiseVolume                              0x00004ff9   Thumb Code    42  audio.o(.text.raiseVolume)
    readFrom                                 0x00005119   Thumb Code   156  audioreader.o(.text.readFrom)
    readFromDeathSound                       0x000051b5   Thumb Code    48  audioreader.o(.text.readFromDeathSound)
    readFromGunshot                          0x000051e5   Thumb Code    60  audioreader.o(.text.readFromGunshot)
    readFromMonster                          0x00005221   Thumb Code   236  audioreader.o(.text.readFromMonster)
    readFromWinLoseSounds                    0x0000530d   Thumb Code    74  audioreader.o(.text.readFromWinLoseSounds)
    readIntoAudioFifo                        0x00005359   Thumb Code    54  audioreader.o(.text.readIntoAudioFifo)
    readNum                                  0x00005391   Thumb Code   140  audioreader.o(.text.readNum)
    readPair                                 0x0000541d   Thumb Code    64  audioreader.o(.text.readPair)
    rebalanceAudio                           0x0000545d   Thumb Code    96  audio.o(.text.rebalanceAudio)
    refillReadBuf                            0x000054bd   Thumb Code   230  audioreader.o(.text.refillReadBuf)
    remapValues                              0x000055a5   Thumb Code    82  digitalcompass.o(.text.remapValues)
    resetGame                                0x000056a9   Thumb Code   144  scarygame.o(.text.resetGame)
    setSeed                                  0x00005915   Thumb Code    20  random.o(.text.setSeed)
    setVolume                                0x00005929   Thumb Code    74  audio.o(.text.setVolume)
    shootInDirection                         0x00005975   Thumb Code    78  scarygame.o(.text.shootInDirection)
    startGame                                0x000059ed   Thumb Code   104  scarygame.o(.text.startGame)
    startPlaying                             0x00005a55   Thumb Code    28  audio.o(.text.startPlaying)
    stopPlaying                              0x00005a71   Thumb Code    20  audio.o(.text.stopPlaying)
    switchInit                               0x00005a85   Thumb Code   136  switch.o(.text.switchInit)
    switchPressed                            0x00005b0d   Thumb Code   148  switch.o(.text.switchPressed)
    _fp_init                                 0x00006013   Thumb Code    26  fpinit.o(x$fpl$fpinit)
    __fplib_config_fpu_vfp                   0x0000602b   Thumb Code     0  fpinit.o(x$fpl$fpinit)
    __fplib_config_pureend_doubles           0x0000602b   Thumb Code     0  fpinit.o(x$fpl$fpinit)
    Region$$Table$$Base                      0x000067a4   Number         0  anon$$obj.o(Region$$Table)
    Region$$Table$$Limit                     0x000067c4   Number         0  anon$$obj.o(Region$$Table)
    StTextColor                              0x20000000   Data           2  st7735withsd.o(.data.StTextColor)
    atanTable                                0x20000008   Data         360  digitalcompass.o(.data.atanTable)
    ateYouSound                              0x20000170   Data          16  audioreader.o(.data.ateYouSound)
    gunshotSound                             0x20000180   Data          16  audioreader.o(.data.gunshotSound)
    loseSound                                0x20000190   Data          16  audioreader.o(.data.loseSound)
    monsterSound                             0x200001a0   Data          16  audioreader.o(.data.monsterSound)
    rseed                                    0x200001b0   Data           4  random.o(.data.rseed)
    soundPlayingNow                          0x200001b4   Data           4  audioreader.o(.data.soundPlayingNow)
    startingMonsterVolume                    0x200001b8   Data           4  scarygame.o(.data.startingMonsterVolume)
    tempX                                    0x200001bc   Data           2  digitalcompass.o(.data.tempX)
    tempY                                    0x200001be   Data           2  digitalcompass.o(.data.tempY)
    tempZ                                    0x200001c0   Data           2  digitalcompass.o(.data.tempZ)
    winSound                                 0x200001c4   Data          16  audioreader.o(.data.winSound)
    __libspace_start                         0x200001d8   Data          96  libspace.o(.bss)
    __temporary_stack_top$libspace           0x20000238   Data           0  libspace.o(.bss)
    Fresult                                  0x20000240   Data           1  audioreader.o(.bss.Fresult)
    Message                                  0x20000244   Data          12  st7735withsd.o(.bss.Message)
    Messageindex                             0x20000250   Data           4  st7735withsd.o(.bss.Messageindex)
    PeriodicTask0                            0x20000254   Data           4  timer0a.o(.bss.PeriodicTask0)
    PeriodicTask1                            0x20000258   Data           4  timer1a.o(.bss.PeriodicTask1)
    PeriodicTask2                            0x2000025c   Data           4  timer2a.o(.bss.PeriodicTask2)
    PeriodicTask3                            0x20000260   Data           4  timer3a.o(.bss.PeriodicTask3)
    PeriodicTask4                            0x20000264   Data           4  timer4a.o(.bss.PeriodicTask4)
    StX                                      0x2000026c   Data           4  st7735withsd.o(.bss.StX)
    StY                                      0x20000270   Data           4  st7735withsd.o(.bss.StY)
    arFifo                                   0x20000280   Data       16384  audioreader.o(.bss.arFifo)
    arFifoAddIndex                           0x20004280   Data           4  audioreader.o(.bss.arFifoAddIndex)
    arFifoLock                               0x20004284   Data           1  audioreader.o(.bss.arFifoLock)
    arFifoNumEntries                         0x20004288   Data           4  audioreader.o(.bss.arFifoNumEntries)
    arFifoRemoveIndex                        0x2000428c   Data           4  audioreader.o(.bss.arFifoRemoveIndex)
    arReadBuf                                0x20004290   Data        2048  audioreader.o(.bss.arReadBuf)
    arReadBufIndex                           0x20004a90   Data           4  audioreader.o(.bss.arReadBufIndex)
    arReadBufNumBytes                        0x20004a94   Data           4  audioreader.o(.bss.arReadBufNumBytes)
    ar_file                                  0x20004a98   Data         548  audioreader.o(.bss.ar_file)
    audioOutputUnit                          0x20004cbc   Data           8  audio.o(.bss.audioOutputUnit)
    currentMonsterDir                        0x20004cc6   Data           1  scarygame.o(.bss.currentMonsterDir)
    drawGunAngleFlag                         0x20004cc7   Data           1  scarygame.o(.bss.drawGunAngleFlag)
    enableTriggerButton                      0x20004cc8   Data           1  scarygame.o(.bss.enableTriggerButton)
    gameStarted                              0x20004f00   Data           1  scarygame.o(.bss.gameStarted)
    highScore                                0x20004f04   Data           4  scarygame.o(.bss.highScore)
    hitEof                                   0x20004f08   Data           1  audioreader.o(.bss.hitEof)
    ignorePresses                            0x20004f09   Data           1  switch.o(.bss.ignorePresses)
    numLoops                                 0x20004f0c   Data           4  audioreader.o(.bss.numLoops)
    prevUnit                                 0x20004f10   Data           8  audio.o(.bss.prevUnit)
    score                                    0x20004f1c   Data           4  scarygame.o(.bss.score)
    shotInCorrectDirection                   0x20004f20   Data           1  scarygame.o(.bss.shotInCorrectDirection)
    soundPlaying                             0x20004f24   Data           4  audio.o(.bss.soundPlaying)
    swPressed                                0x20004f28   Data           1  switch.o(.bss.swPressed)
    volume                                   0x20004f2c   Data           4  audio.o(.bss.volume)



==============================================================================

Memory Map of the image

  Image Entry point : 0x00000295

  Load Region LR_IROM1 (Base: 0x00000000, Size: 0x000069a0, Max: 0x00040000, ABSOLUTE, COMPRESSED[0x00006900])

    Execution Region ER_IROM1 (Exec base: 0x00000000, Load base: 0x00000000, Size: 0x000067c4, Max: 0x00040000, ABSOLUTE)

    Exec Addr    Load Addr    Size         Type   Attr      Idx    E Section Name        Object

    0x00000000   0x00000000   0x00000294   Code   RO          156    RESET               startup.o
    0x00000294   0x00000294   0x00000008   Code   RO          756  * !!!main             c_w.l(__main.o)
    0x0000029c   0x0000029c   0x0000005c   Code   RO          923    !!!scatter          c_w.l(__scatter.o)
    0x000002f8   0x000002f8   0x0000003a   Code   RO          921    !!dczerorl          c_w.l(__dczerorl.o)
    0x00000332   0x00000332   0x00000002   PAD
    0x00000334   0x00000334   0x00000002   Code   RO          924    !!handler_null      c_w.l(__scatter.o)
    0x00000336   0x00000336   0x00000002   PAD
    0x00000338   0x00000338   0x0000001c   Code   RO          927    !!handler_zi        c_w.l(__scatter_zi.o)
    0x00000354   0x00000354   0x00000002   Code   RO          783    .ARM.Collect$$libinit$$00000000  c_w.l(libinit.o)
    0x00000356   0x00000356   0x00000004   Code   RO          789    .ARM.Collect$$libinit$$00000001  c_w.l(libinit2.o)
    0x0000035a   0x0000035a   0x00000000   Code   RO          792    .ARM.Collect$$libinit$$00000004  c_w.l(libinit2.o)
    0x0000035a   0x0000035a   0x00000000   Code   RO          794    .ARM.Collect$$libinit$$00000006  c_w.l(libinit2.o)
    0x0000035a   0x0000035a   0x00000000   Code   RO          797    .ARM.Collect$$libinit$$0000000C  c_w.l(libinit2.o)
    0x0000035a   0x0000035a   0x00000000   Code   RO          799    .ARM.Collect$$libinit$$0000000E  c_w.l(libinit2.o)
    0x0000035a   0x0000035a   0x00000000   Code   RO          801    .ARM.Collect$$libinit$$00000010  c_w.l(libinit2.o)
    0x0000035a   0x0000035a   0x00000000   Code   RO          804    .ARM.Collect$$libinit$$00000013  c_w.l(libinit2.o)
    0x0000035a   0x0000035a   0x00000000   Code   RO          806    .ARM.Collect$$libinit$$00000015  c_w.l(libinit2.o)
    0x0000035a   0x0000035a   0x00000000   Code   RO          808    .ARM.Collect$$libinit$$00000017  c_w.l(libinit2.o)
    0x0000035a   0x0000035a   0x00000000   Code   RO          810    .ARM.Collect$$libinit$$00000019  c_w.l(libinit2.o)
    0x0000035a   0x0000035a   0x00000000   Code   RO          812    .ARM.Collect$$libinit$$0000001B  c_w.l(libinit2.o)
    0x0000035a   0x0000035a   0x00000000   Code   RO          814    .ARM.Collect$$libinit$$0000001D  c_w.l(libinit2.o)
    0x0000035a   0x0000035a   0x00000000   Code   RO          816    .ARM.Collect$$libinit$$0000001F  c_w.l(libinit2.o)
    0x0000035a   0x0000035a   0x00000000   Code   RO          818    .ARM.Collect$$libinit$$00000021  c_w.l(libinit2.o)
    0x0000035a   0x0000035a   0x00000000   Code   RO          820    .ARM.Collect$$libinit$$00000023  c_w.l(libinit2.o)
    0x0000035a   0x0000035a   0x00000000   Code   RO          822    .ARM.Collect$$libinit$$00000025  c_w.l(libinit2.o)
    0x0000035a   0x0000035a   0x00000000   Code   RO          824    .ARM.Collect$$libinit$$00000027  c_w.l(libinit2.o)
    0x0000035a   0x0000035a   0x00000000   Code   RO          828    .ARM.Collect$$libinit$$0000002E  c_w.l(libinit2.o)
    0x0000035a   0x0000035a   0x00000000   Code   RO          830    .ARM.Collect$$libinit$$00000030  c_w.l(libinit2.o)
    0x0000035a   0x0000035a   0x00000000   Code   RO          832    .ARM.Collect$$libinit$$00000032  c_w.l(libinit2.o)
    0x0000035a   0x0000035a   0x00000000   Code   RO          834    .ARM.Collect$$libinit$$00000034  c_w.l(libinit2.o)
    0x0000035a   0x0000035a   0x00000002   Code   RO          835    .ARM.Collect$$libinit$$00000035  c_w.l(libinit2.o)
    0x0000035c   0x0000035c   0x00000002   Code   RO          857    .ARM.Collect$$libshutdown$$00000000  c_w.l(libshutdown.o)
    0x0000035e   0x0000035e   0x00000000   Code   RO          872    .ARM.Collect$$libshutdown$$00000002  c_w.l(libshutdown2.o)
    0x0000035e   0x0000035e   0x00000000   Code   RO          874    .ARM.Collect$$libshutdown$$00000004  c_w.l(libshutdown2.o)
    0x0000035e   0x0000035e   0x00000000   Code   RO          877    .ARM.Collect$$libshutdown$$00000007  c_w.l(libshutdown2.o)
    0x0000035e   0x0000035e   0x00000000   Code   RO          880    .ARM.Collect$$libshutdown$$0000000A  c_w.l(libshutdown2.o)
    0x0000035e   0x0000035e   0x00000000   Code   RO          882    .ARM.Collect$$libshutdown$$0000000C  c_w.l(libshutdown2.o)
    0x0000035e   0x0000035e   0x00000000   Code   RO          885    .ARM.Collect$$libshutdown$$0000000F  c_w.l(libshutdown2.o)
    0x0000035e   0x0000035e   0x00000002   Code   RO          886    .ARM.Collect$$libshutdown$$00000010  c_w.l(libshutdown2.o)
    0x00000360   0x00000360   0x00000000   Code   RO          758    .ARM.Collect$$rtentry$$00000000  c_w.l(__rtentry.o)
    0x00000360   0x00000360   0x00000000   Code   RO          760    .ARM.Collect$$rtentry$$00000002  c_w.l(__rtentry2.o)
    0x00000360   0x00000360   0x00000006   Code   RO          772    .ARM.Collect$$rtentry$$00000004  c_w.l(__rtentry4.o)
    0x00000366   0x00000366   0x00000000   Code   RO          762    .ARM.Collect$$rtentry$$00000009  c_w.l(__rtentry2.o)
    0x00000366   0x00000366   0x00000004   Code   RO          763    .ARM.Collect$$rtentry$$0000000A  c_w.l(__rtentry2.o)
    0x0000036a   0x0000036a   0x00000000   Code   RO          765    .ARM.Collect$$rtentry$$0000000C  c_w.l(__rtentry2.o)
    0x0000036a   0x0000036a   0x00000008   Code   RO          766    .ARM.Collect$$rtentry$$0000000D  c_w.l(__rtentry2.o)
    0x00000372   0x00000372   0x00000002   Code   RO          787    .ARM.Collect$$rtexit$$00000000  c_w.l(rtexit.o)
    0x00000374   0x00000374   0x00000000   Code   RO          837    .ARM.Collect$$rtexit$$00000002  c_w.l(rtexit2.o)
    0x00000374   0x00000374   0x00000004   Code   RO          838    .ARM.Collect$$rtexit$$00000003  c_w.l(rtexit2.o)
    0x00000378   0x00000378   0x00000006   Code   RO          839    .ARM.Collect$$rtexit$$00000004  c_w.l(rtexit2.o)
    0x0000037e   0x0000037e   0x00000002   PAD
    0x00000380   0x00000380   0x00000048   Code   RO          157    .text               startup.o
    0x000003c8   0x000003c8   0x00000006   Code   RO          754    .text               c_w.l(heapauxi.o)
    0x000003ce   0x000003ce   0x0000004a   Code   RO          774    .text               c_w.l(sys_stackheap_outer.o)
    0x00000418   0x00000418   0x00000012   Code   RO          776    .text               c_w.l(exit.o)
    0x0000042a   0x0000042a   0x00000002   PAD
    0x0000042c   0x0000042c   0x00000008   Code   RO          784    .text               c_w.l(libspace.o)
    0x00000434   0x00000434   0x0000000c   Code   RO          847    .text               c_w.l(sys_exit.o)
    0x00000440   0x00000440   0x00000002   Code   RO          862    .text               c_w.l(use_no_semi.o)
    0x00000442   0x00000442   0x00000000   Code   RO          864    .text               c_w.l(indicate_semi.o)
    0x00000442   0x00000442   0x00000002   PAD
    0x00000444   0x00000444   0x000000c2   Code   RO          451    .text.CS_Init       diskio.o
    0x00000506   0x00000506   0x00000002   PAD
    0x00000508   0x00000508   0x00000018   Code   RO          695    .text.Clock_Delay   digitalcompass.o
    0x00000520   0x00000520   0x00000022   Code   RO          697    .text.Clock_Delay1ms  digitalcompass.o
    0x00000542   0x00000542   0x00000002   PAD
    0x00000544   0x00000544   0x000000f6   Code   RO          176    .text.DACInitLeft   tlv5616.o
    0x0000063a   0x0000063a   0x00000002   PAD
    0x0000063c   0x0000063c   0x000000f2   Code   RO          178    .text.DACInitRight  tlv5616.o
    0x0000072e   0x0000072e   0x00000002   PAD
    0x00000730   0x00000730   0x0000001c   Code   RO          174    .text.DAC_Init      tlv5616.o
    0x0000074c   0x0000074c   0x00000050   Code   RO          180    .text.DAC_OutLeft   tlv5616.o
    0x0000079c   0x0000079c   0x00000050   Code   RO          182    .text.DAC_OutRight  tlv5616.o
    0x000007ec   0x000007ec   0x0000002e   Code   RO          342    .text.Delay1ms      st7735withsd.o
    0x0000081a   0x0000081a   0x00000002   PAD
    0x0000081c   0x0000081c   0x0000009e   Code   RO          676    .text.I2C_Init      i2c0.o
    0x000008ba   0x000008ba   0x00000002   PAD
    0x000008bc   0x000008bc   0x00000094   Code   RO          678    .text.I2C_Recv      i2c0.o
    0x00000950   0x00000950   0x000000cc   Code   RO          680    .text.I2C_Recv2     i2c0.o
    0x00000a1c   0x00000a1c   0x0000006c   Code   RO          682    .text.I2C_Send1     i2c0.o
    0x00000a88   0x00000a88   0x000000c2   Code   RO          684    .text.I2C_Send2     i2c0.o
    0x00000b4a   0x00000b4a   0x00000002   PAD
    0x00000b4c   0x00000b4c   0x00000074   Code   RO          193    .text.LaunchPad_Init  launchpad.o
    0x00000bc0   0x00000bc0   0x0000008a   Code   RO          166    .text.PLL_Init      pll.o
    0x00000c4a   0x00000c4a   0x00000002   PAD
    0x00000c4c   0x00000c4c   0x000000a4   Code   RO          340    .text.SDC_CS_Init   st7735withsd.o
    0x00000cf0   0x00000cf0   0x00000160   Code   RO          453    .text.SSI0_Init     diskio.o
    0x00000e50   0x00000e50   0x000001b4   Code   RO          382    .text.ST7735_DrawCharS  st7735withsd.o
    0x00001004   0x00001004   0x00000070   Code   RO          360    .text.ST7735_DrawPixel  st7735withsd.o
    0x00001074   0x00001074   0x0000009a   Code   RO          386    .text.ST7735_DrawString  st7735withsd.o
    0x0000110e   0x0000110e   0x00000002   PAD
    0x00001110   0x00001110   0x0000013e   Code   RO          370    .text.ST7735_FillRect  st7735withsd.o
    0x0000124e   0x0000124e   0x00000002   PAD
    0x00001250   0x00001250   0x00000034   Code   RO          350    .text.ST7735_FillScreen  st7735withsd.o
    0x00001284   0x00001284   0x000000a6   Code   RO          352    .text.ST7735_InitR  st7735withsd.o
    0x0000132a   0x0000132a   0x00000002   PAD
    0x0000132c   0x0000132c   0x000000a6   Code   RO          390    .text.ST7735_OutUDec  st7735withsd.o
    0x000013d2   0x000013d2   0x00000002   PAD
    0x000013d4   0x000013d4   0x00000036   Code   RO          348    .text.ST7735_SetCursor  st7735withsd.o
    0x0000140a   0x0000140a   0x00000002   PAD
    0x0000140c   0x0000140c   0x00000018   Code   RO          416    .text.ST7735_SetTextColor  st7735withsd.o
    0x00001424   0x00001424   0x0000001a   Code   RO          214    .text.Timer0A_Handler  timer0a.o
    0x0000143e   0x0000143e   0x00000002   PAD
    0x00001440   0x00001440   0x000000a2   Code   RO          212    .text.Timer0A_Init  timer0a.o
    0x000014e2   0x000014e2   0x00000002   PAD
    0x000014e4   0x000014e4   0x00000020   Code   RO          129    .text.Timer1A_Change_Period  timer1a.o
    0x00001504   0x00001504   0x0000001c   Code   RO          123    .text.Timer1A_Handler  timer1a.o
    0x00001520   0x00001520   0x000000a0   Code   RO          121    .text.Timer1A_Init  timer1a.o
    0x000015c0   0x000015c0   0x0000001c   Code   RO          127    .text.Timer1A_Start  timer1a.o
    0x000015dc   0x000015dc   0x0000001c   Code   RO          125    .text.Timer1A_Stop  timer1a.o
    0x000015f8   0x000015f8   0x0000001c   Code   RO          507    .text.Timer2A_Handler  timer2a.o
    0x00001614   0x00001614   0x0000001c   Code   RO          141    .text.Timer3A_Handler  timer3a.o
    0x00001630   0x00001630   0x0000009e   Code   RO          139    .text.Timer3A_Init  timer3a.o
    0x000016ce   0x000016ce   0x00000002   PAD
    0x000016d0   0x000016d0   0x0000001a   Code   RO          145    .text.Timer3A_Start  timer3a.o
    0x000016ea   0x000016ea   0x00000002   PAD
    0x000016ec   0x000016ec   0x0000001c   Code   RO          527    .text.Timer4A_Handler  timer4a.o
    0x00001708   0x00001708   0x00000014   Code   RO          485    .text.Timer5A_Handler  diskio.o
    0x0000171c   0x0000171c   0x000000a0   Code   RO          455    .text.Timer5_Init   diskio.o
    0x000017bc   0x000017bc   0x000000a0   Code   RO          539    .text.UART_Init     uart.o
    0x0000185c   0x0000185c   0x0000002e   Code   RO          543    .text.UART_OutChar  uart.o
    0x0000188a   0x0000188a   0x00000002   PAD
    0x0000188c   0x0000188c   0x00000024   Code   RO          545    .text.UART_OutString  uart.o
    0x000018b0   0x000018b0   0x00000048   Code   RO          549    .text.UART_OutUDec  uart.o
    0x000018f8   0x000018f8   0x0000000c   Code   RO          628    .text.arAtEof       audioreader.o
    0x00001904   0x00001904   0x00000070   Code   RO          616    .text.arFifoAdd     audioreader.o
    0x00001974   0x00001974   0x0000002c   Code   RO          586    .text.arFifoClear   audioreader.o
    0x000019a0   0x000019a0   0x00000012   Code   RO          614    .text.arFifoEmpty   audioreader.o
    0x000019b2   0x000019b2   0x00000002   PAD
    0x000019b4   0x000019b4   0x00000014   Code   RO          612    .text.arFifoFull    audioreader.o
    0x000019c8   0x000019c8   0x00000040   Code   RO          588    .text.arFifoGetLock  audioreader.o
    0x00001a08   0x00001a08   0x00000014   Code   RO          596    .text.arFifoInit    audioreader.o
    0x00001a1c   0x00001a1c   0x00000020   Code   RO          590    .text.arFifoReleaseLock  audioreader.o
    0x00001a3c   0x00001a3c   0x00000070   Code   RO          618    .text.arFifoRemove  audioreader.o
    0x00001aac   0x00001aac   0x000000ce   Code   RO           54    .text.audioFileOutputHandler  audio.o
    0x00001b7a   0x00001b7a   0x00000002   PAD
    0x00001b7c   0x00001b7c   0x0000002e   Code   RO           64    .text.audioInit     audio.o
    0x00001baa   0x00001baa   0x00000002   PAD
    0x00001bac   0x00001bac   0x0000007a   Code   RO          610    .text.audioReaderInit  audioreader.o
    0x00001c26   0x00001c26   0x00000002   PAD
    0x00001c28   0x00001c28   0x00000242   Code   RO          709    .text.calcAngle     digitalcompass.o
    0x00001e6a   0x00001e6a   0x00000002   PAD
    0x00001e6c   0x00001e6c   0x00000030   Code   RO          715    .text.checkAndCalibrateCompass  digitalcompass.o
    0x00001e9c   0x00001e9c   0x0000005a   Code   RO          717    .text.checkAndTrigger  digitalcompass.o
    0x00001ef6   0x00001ef6   0x00000002   PAD
    0x00001ef8   0x00001ef8   0x000000b2   Code   RO          320    .text.check_fs      ff.o
    0x00001faa   0x00001faa   0x00000002   PAD
    0x00001fac   0x00001fac   0x0000003c   Code   RO          314    .text.chk_chr       ff.o
    0x00001fe8   0x00001fe8   0x00000044   Code   RO          594    .text.clearReadBuf  audioreader.o
    0x0000202c   0x0000202c   0x00000014   Code   RO          608    .text.closeCurrentFile  audioreader.o
    0x00002040   0x00002040   0x00000036   Code   RO          226    .text.clust2sect    ff.o
    0x00002076   0x00002076   0x00000002   PAD
    0x00002078   0x00002078   0x000000aa   Code   RO          354    .text.commandList   st7735withsd.o
    0x00002122   0x00002122   0x00000002   PAD
    0x00002124   0x00002124   0x000001de   Code   RO          346    .text.commonInit    st7735withsd.o
    0x00002302   0x00002302   0x00000002   PAD
    0x00002304   0x00002304   0x000000de   Code   RO          703    .text.compassInit   digitalcompass.o
    0x000023e2   0x000023e2   0x00000002   PAD
    0x000023e4   0x000023e4   0x00000050   Code   RO          705    .text.compassRead   digitalcompass.o
    0x00002434   0x00002434   0x0000014e   Code   RO          260    .text.create_chain  ff.o
    0x00002582   0x00002582   0x00000002   PAD
    0x00002584   0x00002584   0x0000031e   Code   RO          322    .text.create_name   ff.o
    0x000028a2   0x000028a2   0x00000002   PAD
    0x000028a4   0x000028a4   0x0000001e   Code   RO            4    .text.debugHandler  scarygame.o
    0x000028c2   0x000028c2   0x00000002   PAD
    0x000028c4   0x000028c4   0x00000016   Code   RO          465    .text.deselect      diskio.o
    0x000028da   0x000028da   0x00000002   PAD
    0x000028dc   0x000028dc   0x0000009c   Code   RO          316    .text.dir_alloc     ff.o
    0x00002978   0x00002978   0x000000a4   Code   RO          324    .text.dir_find      ff.o
    0x00002a1c   0x00002a1c   0x000001c0   Code   RO          276    .text.dir_next      ff.o
    0x00002bdc   0x00002bdc   0x0000005c   Code   RO          244    .text.dir_register  ff.o
    0x00002c38   0x00002c38   0x0000011e   Code   RO          272    .text.dir_sdi       ff.o
    0x00002d56   0x00002d56   0x00000002   PAD
    0x00002d58   0x00002d58   0x00000264   Code   RO          457    .text.disk_initialize  diskio.o
    0x00002fbc   0x00002fbc   0x000002d4   Code   RO          477    .text.disk_ioctl    diskio.o
    0x00003290   0x00003290   0x000000da   Code   RO          469    .text.disk_read     diskio.o
    0x0000336a   0x0000336a   0x00000002   PAD
    0x0000336c   0x0000336c   0x0000002e   Code   RO          467    .text.disk_status   diskio.o
    0x0000339a   0x0000339a   0x00000002   PAD
    0x0000339c   0x0000339c   0x0000008e   Code   RO          483    .text.disk_timerproc  diskio.o
    0x0000342a   0x0000342a   0x00000002   PAD
    0x0000342c   0x0000342c   0x00000116   Code   RO          473    .text.disk_write    diskio.o
    0x00003542   0x00003542   0x00000002   PAD
    0x00003544   0x00003544   0x00000040   Code   RO            8    .text.drawHighScore  scarygame.o
    0x00003584   0x00003584   0x00000040   Code   RO            6    .text.drawUpdatedScore  scarygame.o
    0x000035c4   0x000035c4   0x0000001a   Code   RO          584    .text.enableSDCard  audioreader.o
    0x000035de   0x000035de   0x00000002   PAD
    0x000035e0   0x000035e0   0x0000003c   Code   RO          266    .text.f_close       ff.o
    0x0000361c   0x0000361c   0x00000286   Code   RO          280    .text.f_lseek       ff.o
    0x000038a2   0x000038a2   0x00000002   PAD
    0x000038a4   0x000038a4   0x0000009e   Code   RO          234    .text.f_mount       ff.o
    0x00003942   0x00003942   0x00000002   PAD
    0x00003944   0x00003944   0x00000258   Code   RO          240    .text.f_open        ff.o
    0x00003b9c   0x00003b9c   0x00000282   Code   RO          252    .text.f_read        ff.o
    0x00003e1e   0x00003e1e   0x00000002   PAD
    0x00003e20   0x00003e20   0x00000114   Code   RO          262    .text.f_sync        ff.o
    0x00003f34   0x00003f34   0x00000070   Code   RO          388    .text.fillmessage   st7735withsd.o
    0x00003fa4   0x00003fa4   0x00000488   Code   RO          238    .text.find_volume   ff.o
    0x0000442c   0x0000442c   0x0000011c   Code   RO          242    .text.follow_path   ff.o
    0x00004548   0x00004548   0x00000068   Code   RO          713    .text.getAngle      digitalcompass.o
    0x000045b0   0x000045b0   0x0000000e   Code   RO          592    .text.getCurrentSoundDirection  audioreader.o
    0x000045be   0x000045be   0x00000002   PAD
    0x000045c0   0x000045c0   0x00000074   Code   RO          719    .text.getDirection  digitalcompass.o
    0x00004634   0x00004634   0x00000016   Code   RO          600    .text.getFileSamplingReloadVal  audioreader.o
    0x0000464a   0x0000464a   0x00000002   PAD
    0x0000464c   0x0000464c   0x00000024   Code   RO          634    .text.getFromAudioFifo  audioreader.o
    0x00004670   0x00004670   0x00000060   Code   RO          622    .text.getNextChar   audioreader.o
    0x000046d0   0x000046d0   0x00000072   Code   RO          743    .text.getRandomDirection  random.o
    0x00004742   0x00004742   0x00000002   PAD
    0x00004744   0x00004744   0x0000000c   Code   RO           18    .text.getScore      scarygame.o
    0x00004750   0x00004750   0x00000130   Code   RO          228    .text.get_fat       ff.o
    0x00004880   0x00004880   0x000000aa   Code   RO          236    .text.get_ldnumber  ff.o
    0x0000492a   0x0000492a   0x00000002   PAD
    0x0000492c   0x0000492c   0x00000014   Code   RO          741    .text.hash          random.o
    0x00004940   0x00004940   0x00000014   Code   RO          106    .text.ignorePressesFor1ms  switch.o
    0x00004954   0x00004954   0x0000000e   Code   RO          102    .text.ignorePressesHandler  switch.o
    0x00004962   0x00004962   0x00000002   PAD
    0x00004964   0x00004964   0x00000034   Code   RO          459    .text.init_spi      diskio.o
    0x00004998   0x00004998   0x0000002e   Code   RO          624    .text.isNum         audioreader.o
    0x000049c6   0x000049c6   0x00000002   PAD
    0x000049c8   0x000049c8   0x00000030   Code   RO          246    .text.ld_clust      ff.o
    0x000049f8   0x000049f8   0x0000013c   Code   RO           28    .text.main          scarygame.o
    0x00004b34   0x00004b34   0x00000052   Code   RO          326    .text.mem_cmp       ff.o
    0x00004b86   0x00004b86   0x00000002   PAD
    0x00004b88   0x00004b88   0x00000032   Code   RO          256    .text.mem_cpy       ff.o
    0x00004bba   0x00004bba   0x00000002   PAD
    0x00004bbc   0x00004bbc   0x00000028   Code   RO          302    .text.mem_set       ff.o
    0x00004be4   0x00004be4   0x0000005e   Code   RO          230    .text.move_window   ff.o
    0x00004c42   0x00004c42   0x00000002   PAD
    0x00004c44   0x00004c44   0x000000ac   Code   RO           20    .text.nextStage     scarygame.o
    0x00004cf0   0x00004cf0   0x00000008   Code   RO           56    .text.onAudioLoop   audio.o
    0x00004cf8   0x00004cf8   0x00000020   Code   RO           26    .text.onDeathSoundEnd  scarygame.o
    0x00004d18   0x00004d18   0x0000003c   Code   RO           22    .text.onGunshotSoundEnd  scarygame.o
    0x00004d54   0x00004d54   0x0000003c   Code   RO           12    .text.onMonsterLoop  scarygame.o
    0x00004d90   0x00004d90   0x0000007a   Code   RO          620    .text.onNoLoopEof   audioreader.o
    0x00004e0a   0x00004e0a   0x00000002   PAD
    0x00004e0c   0x00004e0c   0x00000008   Code   RO           24    .text.onWinLoseSoundEnd  scarygame.o
    0x00004e14   0x00004e14   0x0000001c   Code   RO          364    .text.pushColor     st7735withsd.o
    0x00004e30   0x00004e30   0x000001c8   Code   RO          232    .text.put_fat       ff.o
    0x00004ff8   0x00004ff8   0x0000002a   Code   RO           58    .text.raiseVolume   audio.o
    0x00005022   0x00005022   0x00000002   PAD
    0x00005024   0x00005024   0x00000080   Code   RO          471    .text.rcvr_datablock  diskio.o
    0x000050a4   0x000050a4   0x00000046   Code   RO          489    .text.rcvr_spi      diskio.o
    0x000050ea   0x000050ea   0x00000002   PAD
    0x000050ec   0x000050ec   0x0000002a   Code   RO          487    .text.rcvr_spi_multi  diskio.o
    0x00005116   0x00005116   0x00000002   PAD
    0x00005118   0x00005118   0x0000009c   Code   RO          604    .text.readFrom      audioreader.o
    0x000051b4   0x000051b4   0x00000030   Code   RO          640    .text.readFromDeathSound  audioreader.o
    0x000051e4   0x000051e4   0x0000003c   Code   RO          636    .text.readFromGunshot  audioreader.o
    0x00005220   0x00005220   0x000000ec   Code   RO          638    .text.readFromMonster  audioreader.o
    0x0000530c   0x0000530c   0x0000004a   Code   RO          642    .text.readFromWinLoseSounds  audioreader.o
    0x00005356   0x00005356   0x00000002   PAD
    0x00005358   0x00005358   0x00000036   Code   RO          632    .text.readIntoAudioFifo  audioreader.o
    0x0000538e   0x0000538e   0x00000002   PAD
    0x00005390   0x00005390   0x0000008c   Code   RO          626    .text.readNum       audioreader.o
    0x0000541c   0x0000541c   0x00000040   Code   RO          630    .text.readPair      audioreader.o
    0x0000545c   0x0000545c   0x00000060   Code   RO           52    .text.rebalanceAudio  audio.o
    0x000054bc   0x000054bc   0x000000e6   Code   RO          606    .text.refillReadBuf  audioreader.o
    0x000055a2   0x000055a2   0x00000002   PAD
    0x000055a4   0x000055a4   0x00000052   Code   RO          707    .text.remapValues   digitalcompass.o
    0x000055f6   0x000055f6   0x00000002   PAD
    0x000055f8   0x000055f8   0x000000b0   Code   RO          250    .text.remove_chain  ff.o
    0x000056a8   0x000056a8   0x00000090   Code   RO           16    .text.resetGame     scarygame.o
    0x00005738   0x00005738   0x00000044   Code   RO          479    .text.select        diskio.o
    0x0000577c   0x0000577c   0x00000104   Code   RO          463    .text.send_cmd      diskio.o
    0x00005880   0x00005880   0x00000094   Code   RO          362    .text.setAddrWindow  st7735withsd.o
    0x00005914   0x00005914   0x00000014   Code   RO          739    .text.setSeed       random.o
    0x00005928   0x00005928   0x0000004a   Code   RO           70    .text.setVolume     audio.o
    0x00005972   0x00005972   0x00000002   PAD
    0x00005974   0x00005974   0x0000004e   Code   RO           14    .text.shootInDirection  scarygame.o
    0x000059c2   0x000059c2   0x00000002   PAD
    0x000059c4   0x000059c4   0x00000028   Code   RO          248    .text.st_clust      ff.o
    0x000059ec   0x000059ec   0x00000068   Code   RO           10    .text.startGame     scarygame.o
    0x00005a54   0x00005a54   0x0000001c   Code   RO           68    .text.startPlaying  audio.o
    0x00005a70   0x00005a70   0x00000014   Code   RO           66    .text.stopPlaying   audio.o
    0x00005a84   0x00005a84   0x00000088   Code   RO          104    .text.switchInit    switch.o
    0x00005b0c   0x00005b0c   0x00000094   Code   RO          108    .text.switchPressed  switch.o
    0x00005ba0   0x00005ba0   0x0000010c   Code   RO          264    .text.sync_fs       ff.o
    0x00005cac   0x00005cac   0x0000008a   Code   RO          300    .text.sync_window   ff.o
    0x00005d36   0x00005d36   0x00000002   PAD
    0x00005d38   0x00005d38   0x00000060   Code   RO          254    .text.validate      ff.o
    0x00005d98   0x00005d98   0x0000005c   Code   RO          481    .text.wait_ready    diskio.o
    0x00005df4   0x00005df4   0x0000007e   Code   RO          356    .text.writecommand  st7735withsd.o
    0x00005e72   0x00005e72   0x00000002   PAD
    0x00005e74   0x00005e74   0x00000080   Code   RO          358    .text.writedata     st7735withsd.o
    0x00005ef4   0x00005ef4   0x00000056   Code   RO          461    .text.xchg_spi      diskio.o
    0x00005f4a   0x00005f4a   0x00000002   PAD
    0x00005f4c   0x00005f4c   0x00000072   Code   RO          475    .text.xmit_datablock  diskio.o
    0x00005fbe   0x00005fbe   0x00000002   PAD
    0x00005fc0   0x00005fc0   0x00000052   Code   RO          491    .text.xmit_spi_multi  diskio.o
    0x00006012   0x00006012   0x0000001a   Code   RO          845    x$fpl$fpinit        fz_wm.l(fpinit.o)
    0x0000602c   0x0000602c   0x000004fb   Data   RO          433    .rodata.Font        st7735withsd.o
    0x00006527   0x00006527   0x0000003b   Data   RO          422    .rodata.Rcmd1       st7735withsd.o
    0x00006562   0x00006562   0x0000000d   Data   RO          423    .rodata.Rcmd2green  st7735withsd.o
    0x0000656f   0x0000656f   0x0000000d   Data   RO          426    .rodata.Rcmd2red    st7735withsd.o
    0x0000657c   0x0000657c   0x0000002b   Data   RO          427    .rodata.Rcmd3       st7735withsd.o
    0x000065a7   0x000065a7   0x000000ff   Data   RO           41    .rodata.str1.1      scarygame.o
    0x000066a6   0x000066a6   0x00000053   Data   RO          329    .rodata.str1.1      ff.o
    0x000066f9   0x000066f9   0x00000063   Data   RO          648    .rodata.str1.1      audioreader.o
    0x0000675c   0x0000675c   0x00000048   Data   RO          722    .rodata.str1.1      digitalcompass.o
    0x000067a4   0x000067a4   0x00000020   Data   RO          920    Region$$Table       anon$$obj.o


    Execution Region RW_IRAM1 (Exec base: 0x20000000, Load base: 0x000067c8, Size: 0x00005330, Max: 0x00008000, ABSOLUTE, COMPRESSED[0x00000138])

    Exec Addr    Load Addr    Size         Type   Attr      Idx    E Section Name        Object

    0x20000000   COMPRESSED   0x00000002   Data   RW          420    .data.StTextColor   st7735withsd.o
    0x20000002   COMPRESSED   0x00000001   Data   RW          493    .data.Stat          diskio.o
    0x20000003   COMPRESSED   0x00000001   PAD
    0x20000004   COMPRESSED   0x00000002   Data   RW          430    .data._height       st7735withsd.o
    0x20000006   COMPRESSED   0x00000002   Data   RW          429    .data._width        st7735withsd.o
    0x20000008   COMPRESSED   0x00000168   Data   RW          721    .data.atanTable     digitalcompass.o
    0x20000170   COMPRESSED   0x00000010   Data   RW          653    .data.ateYouSound   audioreader.o
    0x20000180   COMPRESSED   0x00000010   Data   RW          649    .data.gunshotSound  audioreader.o
    0x20000190   COMPRESSED   0x00000010   Data   RW          651    .data.loseSound     audioreader.o
    0x200001a0   COMPRESSED   0x00000010   Data   RW          650    .data.monsterSound  audioreader.o
    0x200001b0   COMPRESSED   0x00000004   Data   RW          745    .data.rseed         random.o
    0x200001b4   COMPRESSED   0x00000004   Data   RW          654    .data.soundPlayingNow  audioreader.o
    0x200001b8   COMPRESSED   0x00000004   Data   RW           39    .data.startingMonsterVolume  scarygame.o
    0x200001bc   COMPRESSED   0x00000002   Data   RW          723    .data.tempX         digitalcompass.o
    0x200001be   COMPRESSED   0x00000002   Data   RW          724    .data.tempY         digitalcompass.o
    0x200001c0   COMPRESSED   0x00000002   Data   RW          725    .data.tempZ         digitalcompass.o
    0x200001c2   COMPRESSED   0x00000002   PAD
    0x200001c4   COMPRESSED   0x00000010   Data   RW          652    .data.winSound      audioreader.o
    0x200001d4   COMPRESSED   0x00000004   PAD
    0x200001d8        -       0x00000060   Zero   RW          785    .bss                c_w.l(libspace.o)
    0x20000238        -       0x00000001   Zero   RW          495    .bss.CardType       diskio.o
    0x20000239        -       0x00000001   Zero   RW          424    .bss.ColStart       st7735withsd.o
    0x2000023a   COMPRESSED   0x00000002   PAD
    0x2000023c        -       0x00000004   Zero   RW          328    .bss.FatFs          ff.o
    0x20000240        -       0x00000001   Zero   RW          665    .bss.Fresult        audioreader.o
    0x20000241   COMPRESSED   0x00000001   PAD
    0x20000242        -       0x00000002   Zero   RW          332    .bss.Fsid           ff.o
    0x20000244        -       0x0000000c   Zero   RW          434    .bss.Message        st7735withsd.o
    0x20000250        -       0x00000004   Zero   RW          435    .bss.Messageindex   st7735withsd.o
    0x20000254        -       0x00000004   Zero   RW          218    .bss.PeriodicTask0  timer0a.o
    0x20000258        -       0x00000004   Zero   RW          131    .bss.PeriodicTask1  timer1a.o
    0x2000025c        -       0x00000004   Zero   RW          515    .bss.PeriodicTask2  timer2a.o
    0x20000260        -       0x00000004   Zero   RW          147    .bss.PeriodicTask3  timer3a.o
    0x20000264        -       0x00000004   Zero   RW          531    .bss.PeriodicTask4  timer4a.o
    0x20000268        -       0x00000001   Zero   RW          425    .bss.RowStart       st7735withsd.o
    0x20000269   COMPRESSED   0x00000003   PAD
    0x2000026c        -       0x00000004   Zero   RW          418    .bss.StX            st7735withsd.o
    0x20000270        -       0x00000004   Zero   RW          419    .bss.StY            st7735withsd.o
    0x20000274        -       0x00000001   Zero   RW          428    .bss.TabColor       st7735withsd.o
    0x20000275   COMPRESSED   0x00000003   PAD
    0x20000278        -       0x00000004   Zero   RW          494    .bss.Timer1         diskio.o
    0x2000027c        -       0x00000004   Zero   RW          496    .bss.Timer2         diskio.o
    0x20000280        -       0x00004000   Zero   RW          666    .bss.arFifo         audioreader.o
    0x20004280        -       0x00000004   Zero   RW          655    .bss.arFifoAddIndex  audioreader.o
    0x20004284        -       0x00000001   Zero   RW          661    .bss.arFifoLock     audioreader.o
    0x20004285   COMPRESSED   0x00000003   PAD
    0x20004288        -       0x00000004   Zero   RW          657    .bss.arFifoNumEntries  audioreader.o
    0x2000428c        -       0x00000004   Zero   RW          656    .bss.arFifoRemoveIndex  audioreader.o
    0x20004290        -       0x00000800   Zero   RW          658    .bss.arReadBuf      audioreader.o
    0x20004a90        -       0x00000004   Zero   RW          659    .bss.arReadBufIndex  audioreader.o
    0x20004a94        -       0x00000004   Zero   RW          660    .bss.arReadBufNumBytes  audioreader.o
    0x20004a98        -       0x00000224   Zero   RW          662    .bss.ar_file        audioreader.o
    0x20004cbc        -       0x00000008   Zero   RW           77    .bss.audioOutputUnit  audio.o
    0x20004cc4        -       0x00000002   Zero   RW          731    .bss.calAngle       digitalcompass.o
    0x20004cc6        -       0x00000001   Zero   RW           42    .bss.currentMonsterDir  scarygame.o
    0x20004cc7        -       0x00000001   Zero   RW           40    .bss.drawGunAngleFlag  scarygame.o
    0x20004cc8        -       0x00000001   Zero   RW           38    .bss.enableTriggerButton  scarygame.o
    0x20004cc9   COMPRESSED   0x00000003   PAD
    0x20004ccc        -       0x00000234   Zero   RW          664    .bss.g_sFatFs       audioreader.o
    0x20004f00        -       0x00000001   Zero   RW           35    .bss.gameStarted    scarygame.o
    0x20004f01   COMPRESSED   0x00000003   PAD
    0x20004f04        -       0x00000004   Zero   RW           37    .bss.highScore      scarygame.o
    0x20004f08        -       0x00000001   Zero   RW          663    .bss.hitEof         audioreader.o
    0x20004f09        -       0x00000001   Zero   RW          113    .bss.ignorePresses  switch.o
    0x20004f0a   COMPRESSED   0x00000002   PAD
    0x20004f0c        -       0x00000004   Zero   RW          647    .bss.numLoops       audioreader.o
    0x20004f10        -       0x00000008   Zero   RW           78    .bss.prevUnit       audio.o
    0x20004f18        -       0x00000001   Zero   RW          730    .bss.ready          digitalcompass.o
    0x20004f19   COMPRESSED   0x00000003   PAD
    0x20004f1c        -       0x00000004   Zero   RW           36    .bss.score          scarygame.o
    0x20004f20        -       0x00000001   Zero   RW           34    .bss.shotInCorrectDirection  scarygame.o
    0x20004f21   COMPRESSED   0x00000003   PAD
    0x20004f24        -       0x00000004   Zero   RW           80    .bss.soundPlaying   audio.o
    0x20004f28        -       0x00000001   Zero   RW          112    .bss.swPressed      switch.o
    0x20004f29   COMPRESSED   0x00000003   PAD
    0x20004f2c        -       0x00000004   Zero   RW           79    .bss.volume         audio.o
    0x20004f30        -       0x00000000   Zero   RW          155    HEAP                startup.o
    0x20004f30        -       0x00000400   Zero   RW          154    STACK               startup.o


==============================================================================

Image component sizes


      Code (inc. data)   RO Data    RW Data    ZI Data      Debug   Object Name

       520          0          0          0         24       2627   audio.o
      2068          0         99         84      19571       8311   audioreader.o
      1378          0         72        366          3       4068   digitalcompass.o
      3762         10          0          1          9       6586   diskio.o
      8358          0         83          0          6      26829   ff.o
       812          0          0          0          0       2157   i2c0.o
       116          0          0          0          0       1496   launchpad.o
       138          0          0          0          0        636   pll.o
       154          0          0          4          0       1129   random.o
      1144          0        255          4         13       3942   scarygame.o
      2882          0       1403          6         27      11915   st7735withsd.o
       732        634          0          0       1024       1040   startup.o
       318          0          0          0          2       1488   switch.o
       188          0          0          0          4        963   timer0a.o
       276          0          0          0          4       1170   timer1a.o
        28          0          0          0          4       1170   timer2a.o
       212          0          0          0          4       1042   timer3a.o
        28          0          0          0          4       1048   timer4a.o
       676          0          0          0          0       1755   tlv5616.o
       314          0          0          0          0       3872   uart.o

    ----------------------------------------------------------------------
     24234        644       1944        468      20732      83244   Object Totals
         0          0         32          0          0          0   (incl. Generated)
       130          0          0          3         33          0   (incl. Padding)

    ----------------------------------------------------------------------

      Code (inc. data)   RO Data    RW Data    ZI Data      Debug   Library Member Name

        58          0          0          0          0          0   __dczerorl.o
         8          0          0          0          0         68   __main.o
         0          0          0          0          0          0   __rtentry.o
        12          0          0          0          0          0   __rtentry2.o
         6          0          0          0          0          0   __rtentry4.o
        94          8          0          0          0          0   __scatter.o
        28          0          0          0          0          0   __scatter_zi.o
        18          0          0          0          0         80   exit.o
         6          0          0          0          0        152   heapauxi.o
         0          0          0          0          0          0   indicate_semi.o
         2          0          0          0          0          0   libinit.o
         6          0          0          0          0          0   libinit2.o
         2          0          0          0          0          0   libshutdown.o
         2          0          0          0          0          0   libshutdown2.o
         8          4          0          0         96         68   libspace.o
         2          0          0          0          0          0   rtexit.o
        10          0          0          0          0          0   rtexit2.o
        12          4          0          0          0         68   sys_exit.o
        74          0          0          0          0         80   sys_stackheap_outer.o
         2          0          0          0          0         68   use_no_semi.o
        26          0          0          0          0        116   fpinit.o

    ----------------------------------------------------------------------
       386         16          0          0         96        700   Library Totals
        10          0          0          0          0          0   (incl. Padding)

    ----------------------------------------------------------------------

      Code (inc. data)   RO Data    RW Data    ZI Data      Debug   Library Name

       350         16          0          0         96        584   c_w.l
        26          0          0          0          0        116   fz_wm.l

    ----------------------------------------------------------------------
       386         16          0          0         96        700   Library Totals

    ----------------------------------------------------------------------

==============================================================================


      Code (inc. data)   RO Data    RW Data    ZI Data      Debug   

     24620        660       1944        468      20828      83496   Grand Totals
     24620        660       1944        312      20828      83496   ELF Image Totals (compressed)
     24620        660       1944        312          0          0   ROM Totals

==============================================================================

    Total RO  Size (Code + RO Data)                26564 (  25.94kB)
    Total RW  Size (RW Data + ZI Data)             21296 (  20.80kB)
    Total ROM Size (Code + RO Data + RW Data)      26876 (  26.25kB)

==============================================================================

