<html>
<body>
<pre>
<h1>µVision Build Log</h1>
<h2>Tool Versions:</h2>
IDE-Version: µVision V5.40.0.0
Copyright (C) 2024 ARM Ltd and ARM Germany GmbH. All rights reserved.
License Information: Kanaan Macias
University of Texas at Austin
User-based license: Keil MDK Community (non-commercial free of charge)
Valid until: May 31 2033. Cached until: Dec 11 2024
 
Tool Versions:
Toolchain:       Keil MDK Community (non-commercial free of charge  Version: 5.40.0.3
Toolchain Path:  C:\Users\kanaa\AppData\Local\Keil_v5\ARM\ARMCLANG\Bin
C Compiler:      ArmClang.exe V6.22
Assembler:       Armasm.exe V6.22
Linker/Locator:  ArmLink.exe V6.22
Library Manager: ArmAr.exe V6.22
Hex Converter:   FromElf.exe V6.22
CPU DLL:         SARMCM3.DLL V5.40.0.3
Dialog DLL:      DCM.DLL V1.17.5.0
Target DLL:      lmidk-agdi.dll V???
Dialog DLL:      TCM.DLL V1.56.4.0
 
<h2>Project:</h2>
C:\Users\kanaa\OneDrive\Documents\school\445l\ece-445l-lab-7-and-10-rrks\sw\src\finalproject.uvprojx
Project File Date:  12/04/2024

<h2>Output:</h2>
*** Using Compiler 'V6.22', folder: 'C:\Users\kanaa\AppData\Local\Keil_v5\ARM\ARMCLANG\Bin'
Rebuild target 'Target 1'
compiling Timer0A.c...
compiling PLL.c...
compiling switch.c...
compiling Timer1A.c...
compiling audio.c...
assembling startup.s...
compiling TLV5616.c...
compiling led.c...
compiling Timer3A.c...
compiling scarygame.c...
compiling LaunchPad.c...
compiling ST7735withSD.c...
compiling BitmapReader.c...
compiling Timer2A.c...
compiling diskio.c...
compiling Timer4A.c...
compiling UART.c...
compiling I2C0.c...
compiling AudioReader.c...
compiling digitalCompass.c...
compiling random.c...
compiling ff.c...
linking...
Program Size: Code=24620 RO-data=1944 RW-data=468 ZI-data=20828  
".\Objects\finalproject.axf" - 0 Error(s), 0 Warning(s).

<h2>Software Packages used:</h2>

Package Vendor: ARM
                https://www.keil.com/pack/ARM.CMSIS.6.1.0.pack
                ARM::CMSIS@6.1.0
                CMSIS (Common Microcontroller Software Interface Standard)
   * Component: CORE Version: 6.1.0

Package Vendor: Keil
                http://www.keil.com/pack/Keil.TM4C_DFP.1.1.0.pack
                Keil::TM4C_DFP@1.1.0
                Texas Instruments Tiva C Series Device Support and Examples

<h2>Collection of Component include folders:</h2>
  ./RTE/_Target_1
  C:/Users/kanaa/AppData/Local/Arm/Packs/ARM/CMSIS/6.1.0/CMSIS/Core/Include
  C:/Users/kanaa/AppData/Local/Arm/Packs/Keil/TM4C_DFP/1.1.0/Device/Include/TM4C123

<h2>Collection of Component Files used:</h2>

   * Component: ARM::CMSIS:CORE@6.1.0
Build Time Elapsed:  00:00:02
</pre>
</body>
</html>
